Archive member included because of file (symbol)

C:\Dave 4\eclipse\/emWin/Start/GUI\libGUI_basic_xmc4.a(F6x8.o)
                              ./Dave/Generated/GUI_SEGGERLIBRARY/Config/GUIConf.o (GUI_Font6x8)
C:\Dave 4\eclipse\/emWin/Start/GUI\libGUI_basic_xmc4.a(F16B_1.o)
                              ./UserTasks.o (GUI_Font16B_1)
C:\Dave 4\eclipse\/emWin/Start/GUI\libGUI_basic_xmc4.a(GUIDRV_FlexColor_Func66718.o)
                              ./Dave/Generated/GUI_SEGGERLIBRARY/LCDConf.o (GUIDRV_FlexColor_SetFunc66718)
C:\Dave 4\eclipse\/emWin/Start/GUI\libGUI_basic_xmc4.a(GUIDRV_FlexColor_16bpp_C0B8.o)
                              ./Dave/Generated/GUI_SEGGERLIBRARY/LCDConf.o (GUIDRV_FlexColor_SetMode16bppC0B8)
C:\Dave 4\eclipse\/emWin/Start/GUI\libGUI_basic_xmc4.a(GUIDRV_FlexColor.o)
                              C:\Dave 4\eclipse\/emWin/Start/GUI\libGUI_basic_xmc4.a(GUIDRV_FlexColor_16bpp_C0B8.o) (GUIDRV_FlexColor__SetPixelIndexNoCache)
C:\Dave 4\eclipse\/emWin/Start/GUI\libGUI_basic_xmc4.a(LCD_Set.o)
                              ./Dave/Generated/GUI_SEGGERLIBRARY/LCDConf.o (LCD_SetVSizeEx)
C:\Dave 4\eclipse\/emWin/Start/GUI\libGUI_basic_xmc4.a(GUI__memset.o)
                              C:\Dave 4\eclipse\/emWin/Start/GUI\libGUI_basic_xmc4.a(GUIDRV_FlexColor.o) (GUI__memset)
C:\Dave 4\eclipse\/emWin/Start/GUI\libGUI_basic_xmc4.a(GUI_SetFont.o)
                              ./UserTasks.o (GUI_SetFont)
C:\Dave 4\eclipse\/emWin/Start/GUI\libGUI_basic_xmc4.a(GUI_SetColor.o)
                              ./UserTasks.o (GUI_SetColor)
C:\Dave 4\eclipse\/emWin/Start/GUI\libGUI_basic_xmc4.a(GUI_DispStringAt.o)
                              ./UserTasks.o (GUI_DispStringAt)
C:\Dave 4\eclipse\/emWin/Start/GUI\libGUI_basic_xmc4.a(GUI_DispString.o)
                              C:\Dave 4\eclipse\/emWin/Start/GUI\libGUI_basic_xmc4.a(GUI_DispStringAt.o) (GUI_DispString)
C:\Dave 4\eclipse\/emWin/Start/GUI\libGUI_basic_xmc4.a(GUI_Device.o)
                              C:\Dave 4\eclipse\/emWin/Start/GUI\libGUI_basic_xmc4.a(LCD_Set.o) (GUI_DEVICE__GetpDriver)
C:\Dave 4\eclipse\/emWin/Start/GUI\libGUI_basic_xmc4.a(GUI_Core.o)
                              C:\Dave 4\eclipse\/emWin/Start/GUI\libGUI_basic_xmc4.a(GUI_Device.o) (GUI__apDevice)
C:\Dave 4\eclipse\/emWin/Start/GUI\libGUI_basic_xmc4.a(GUI_CharP.o)
                              C:\Dave 4\eclipse\/emWin/Start/GUI\libGUI_basic_xmc4.a(F16B_1.o) (GUIPROP_DispChar)
C:\Dave 4\eclipse\/emWin/Start/GUI\libGUI_basic_xmc4.a(GUI_CharM.o)
                              C:\Dave 4\eclipse\/emWin/Start/GUI\libGUI_basic_xmc4.a(F6x8.o) (GUIMONO_DispChar)
C:\Dave 4\eclipse\/emWin/Start/GUI\libGUI_basic_xmc4.a(GUI_CharLine.o)
                              C:\Dave 4\eclipse\/emWin/Start/GUI\libGUI_basic_xmc4.a(GUI_DispString.o) (GUI__GetLineNumChars)
C:\Dave 4\eclipse\/emWin/Start/GUI\libGUI_basic_xmc4.a(GUI_Char.o)
                              C:\Dave 4\eclipse\/emWin/Start/GUI\libGUI_basic_xmc4.a(GUI_DispString.o) (GUI_GetYAdjust)
C:\Dave 4\eclipse\/emWin/Start/GUI\libGUI_basic_xmc4.a(GUI_Alloc.o)
                              C:\Dave 4\eclipse\/emWin/Start/GUI\libGUI_basic_xmc4.a(GUI_Device.o) (GUI_ALLOC_FreeFixedBlock)
C:\Dave 4\eclipse\/emWin/Start/GUI\libGUI_basic_xmc4.a(GUICC_M565.o)
                              ./Dave/Generated/GUI_SEGGERLIBRARY/LCDConf.o (LCD_API_ColorConv_M565)
C:\Dave 4\eclipse\/emWin/Start/GUI\libGUI_basic_xmc4.a(GUIDEV_16.o)
                              C:\Dave 4\eclipse\/emWin/Start/GUI\libGUI_basic_xmc4.a(GUIDRV_FlexColor_16bpp_C0B8.o) (GUI_MEMDEV_DEVICE_16)
C:\Dave 4\eclipse\/emWin/Start/GUI\libGUI_basic_xmc4.a(F16B_ASCII.o)
                              C:\Dave 4\eclipse\/emWin/Start/GUI\libGUI_basic_xmc4.a(F16B_1.o) (GUI_Font16B_ASCII_Prop1)
C:\Dave 4\eclipse\/emWin/Start/GUI\libGUI_basic_xmc4.a(LCD_Mirror.o)
                              C:\Dave 4\eclipse\/emWin/Start/GUI\libGUI_basic_xmc4.a(GUIDEV_16.o) (LCD_aMirror)
C:\Dave 4\eclipse\/emWin/Start/GUI\libGUI_basic_xmc4.a(LCD_Color.o)
                              C:\Dave 4\eclipse\/emWin/Start/GUI\libGUI_basic_xmc4.a(GUI_Core.o) (LCD_GetpPalConvTableBM)
C:\Dave 4\eclipse\/emWin/Start/GUI\libGUI_basic_xmc4.a(LCD.o)
                              C:\Dave 4\eclipse\/emWin/Start/GUI\libGUI_basic_xmc4.a(GUI_Core.o) (LCD_SetDrawMode)
C:\Dave 4\eclipse\/emWin/Start/GUI\libGUI_basic_xmc4.a(GUI__memset16.o)
                              C:\Dave 4\eclipse\/emWin/Start/GUI\libGUI_basic_xmc4.a(GUIDEV_16.o) (GUI__memset16)
C:\Dave 4\eclipse\/emWin/Start/GUI\libGUI_basic_xmc4.a(GUI__ManageCache.o)
                              C:\Dave 4\eclipse\/emWin/Start/GUI\libGUI_basic_xmc4.a(GUI_CharLine.o) (GUI__ManageCache)
C:\Dave 4\eclipse\/emWin/Start/GUI\libGUI_basic_xmc4.a(GUI__DivTbl_63_255.o)
                              C:\Dave 4\eclipse\/emWin/Start/GUI\libGUI_basic_xmc4.a(GUICC_M565.o) (GUI__aConvert_63_255)
[...]
Memory Configuration

Name             Origin             Length             Attributes
FLASH_1_cached   0x08000000         0x00200000         xr
FLASH_1_uncached 0x0c000000         0x00200000         xr
PSRAM_1          0x1ffe8000         0x00018000         !xr
DSRAM_1_system   0x20000000         0x00020000         !xr
DSRAM_2_comm     0x20020000         0x00020000         !xr
SRAM_combined    0x1ffe8000         0x00058000         !xr
*default*        0x00000000         0xffffffff

Linker script and memory map

LOAD ./Startup/startup_XMC4700.o
LOAD ./Startup/system_XMC4700.o
LOAD ./Libraries/XMCLib/src/xmc4_eru.o
LOAD ./Libraries/XMCLib/src/xmc4_flash.o
LOAD ./Libraries/XMCLib/src/xmc4_gpio.o
LOAD ./Libraries/XMCLib/src/xmc4_rtc.o
LOAD ./Libraries/XMCLib/src/xmc4_scu.o
LOAD ./Libraries/XMCLib/src/xmc_can.o
LOAD ./Libraries/XMCLib/src/xmc_ccu4.o
LOAD ./Libraries/XMCLib/src/xmc_ccu8.o
LOAD ./Libraries/XMCLib/src/xmc_common.o
LOAD ./Libraries/XMCLib/src/xmc_dac.o
LOAD ./Libraries/XMCLib/src/xmc_dma.o
LOAD ./Libraries/XMCLib/src/xmc_dsd.o
LOAD ./Libraries/XMCLib/src/xmc_ebu.o
LOAD ./Libraries/XMCLib/src/xmc_ecat.o
LOAD ./Libraries/XMCLib/src/xmc_eru.o
LOAD ./Libraries/XMCLib/src/xmc_eth_mac.o
LOAD ./Libraries/XMCLib/src/xmc_eth_phy_dp83848.o
LOAD ./Libraries/XMCLib/src/xmc_eth_phy_ksz8031rnl.o
LOAD ./Libraries/XMCLib/src/xmc_eth_phy_ksz8081rnb.o
LOAD ./Libraries/XMCLib/src/xmc_fce.o
LOAD ./Libraries/XMCLib/src/xmc_gpio.o
LOAD ./Libraries/XMCLib/src/xmc_hrpwm.o
LOAD ./Libraries/XMCLib/src/xmc_i2c.o
LOAD ./Libraries/XMCLib/src/xmc_i2s.o
LOAD ./Libraries/XMCLib/src/xmc_ledts.o
LOAD ./Libraries/XMCLib/src/xmc_posif.o
LOAD ./Libraries/XMCLib/src/xmc_rtc.o
LOAD ./Libraries/XMCLib/src/xmc_sdmmc.o
LOAD ./Libraries/XMCLib/src/xmc_spi.o
LOAD ./Libraries/XMCLib/src/xmc_uart.o
LOAD ./Libraries/XMCLib/src/xmc_usbd.o
LOAD ./Libraries/XMCLib/src/xmc_usbh.o
LOAD ./Libraries/XMCLib/src/xmc_usic.o
LOAD ./Libraries/XMCLib/src/xmc_vadc.o
LOAD ./Libraries/XMCLib/src/xmc_wdt.o
LOAD ./Libraries/Newlib/syscalls.o
LOAD ./Dave/Generated/TIMER/timer.o
LOAD ./Dave/Generated/TIMER/timer_conf.o
LOAD ./Dave/Generated/SPI_MASTER/spi_master.o
LOAD ./Dave/Generated/SPI_MASTER/spi_master_conf.o
LOAD ./Dave/Generated/PWM_CCU8/pwm_ccu8.o
LOAD ./Dave/Generated/PWM_CCU8/pwm_ccu8_conf.o
LOAD ./Dave/Generated/INTERRUPT/interrupt.o
LOAD ./Dave/Generated/INTERRUPT/interrupt_conf.o
LOAD ./Dave/Generated/GUI_SEGGERLIBRARY/Config/GUIConf.o
LOAD ./Dave/Generated/GUI_SEGGERLIBRARY/Config/GUI_X.o
LOAD ./Dave/Generated/GUI_SEGGERLIBRARY/LCDConf.o
LOAD ./Dave/Generated/GUI_SEGGERLIBRARY/gui_seggerlibrary.o
LOAD ./Dave/Generated/GUI_SEGGERLIBRARY/gui_seggerlibrary_conf.o
LOAD ./Dave/Generated/GLOBAL_CCU8/global_ccu8.o
LOAD ./Dave/Generated/GLOBAL_CCU8/global_ccu8_conf.o
LOAD ./Dave/Generated/GLOBAL_CCU4/global_ccu4.o
LOAD ./Dave/Generated/GLOBAL_CCU4/global_ccu4_conf.o
LOAD ./Dave/Generated/FREERTOS/croutine.o
LOAD ./Dave/Generated/FREERTOS/event_groups.o
LOAD ./Dave/Generated/FREERTOS/freertos.o
LOAD ./Dave/Generated/FREERTOS/heap.o
LOAD ./Dave/Generated/FREERTOS/list.o
LOAD ./Dave/Generated/FREERTOS/mpu_wrappers.o
LOAD ./Dave/Generated/FREERTOS/port.o
LOAD ./Dave/Generated/FREERTOS/portasm.o
LOAD ./Dave/Generated/FREERTOS/queue.o
LOAD ./Dave/Generated/FREERTOS/tasks.o
LOAD ./Dave/Generated/FREERTOS/timers.o
LOAD ./Dave/Generated/DIGITAL_IO/digital_io.o
LOAD ./Dave/Generated/DIGITAL_IO/digital_io_conf.o
LOAD ./Dave/Generated/CPU_CTRL_XMC4/cpu_ctrl_xmc4.o
LOAD ./Dave/Generated/CPU_CTRL_XMC4/cpu_ctrl_xmc4_conf.o
LOAD ./Dave/Generated/CLOCK_XMC4/clock_xmc4.o
LOAD ./Dave/Generated/CLOCK_XMC4/clock_xmc4_conf.o
LOAD ./Dave/Generated/DAVE.o
LOAD ./Encoder.o
LOAD ./FuzzyController.o
LOAD ./SharedData.o
LOAD ./UserTasks.o
LOAD ./main.o
LOAD ./probe_scope.o
LOAD c:/dave 4/eclipse/arm-gcc-49/bin/../lib/gcc/arm-none-eabi/4.9.3/../../../../arm-none-eabi/lib/armv7e-m/softfp\libm.a
LOAD C:\Dave 4\eclipse\/emWin/Start/GUI\libGUI_basic_xmc4.a
START GROUP
LOAD c:/dave 4/eclipse/arm-gcc-49/bin/../lib/gcc/arm-none-eabi/4.9.3/armv7e-m/softfp\libgcc.a
LOAD c:/dave 4/eclipse/arm-gcc-49/bin/../lib/gcc/arm-none-eabi/4.9.3/../../../../arm-none-eabi/lib/armv7e-m/softfp\libc_nano.a
END GROUP
START GROUP
LOAD c:/dave 4/eclipse/arm-gcc-49/bin/../lib/gcc/arm-none-eabi/4.9.3/armv7e-m/softfp\libgcc.a
LOAD c:/dave 4/eclipse/arm-gcc-49/bin/../lib/gcc/arm-none-eabi/4.9.3/../../../../arm-none-eabi/lib/armv7e-m/softfp\libc_nano.a
LOAD c:/dave 4/eclipse/arm-gcc-49/bin/../lib/gcc/arm-none-eabi/4.9.3/../../../../arm-none-eabi/lib/armv7e-m/softfp\libnosys.a
END GROUP
START GROUP
LOAD c:/dave 4/eclipse/arm-gcc-49/bin/../lib/gcc/arm-none-eabi/4.9.3/armv7e-m/softfp\libgcc.a
LOAD c:/dave 4/eclipse/arm-gcc-49/bin/../lib/gcc/arm-none-eabi/4.9.3/../../../../arm-none-eabi/lib/armv7e-m/softfp\libc_nano.a
LOAD c:/dave 4/eclipse/arm-gcc-49/bin/../lib/gcc/arm-none-eabi/4.9.3/../../../../arm-none-eabi/lib/armv7e-m/softfp\libnosys.a
END GROUP
                0x00000800                stack_size = DEFINED (stack_size)?stack_size:0x800
                0x00000040                no_init_size = 0x40

.text           0x08000000    0x10788 load address 0x0c000000
                0x08000000                sText = .
 *(.reset)
 .reset         0x08000000      0x29c ./Startup/startup_XMC4700.o
                0x08000000                __Vectors
                0x08000200                Reset_Handler
                0x08000298                DSD0_7_IRQHandler
                0x08000298                DebugMon_Handler
                0x08000298                VADC0_C0_0_IRQHandler
                0x08000298                CAN0_4_IRQHandler
                0x08000298                VADC0_G2_0_IRQHandler
                0x08000298                POSIF0_0_IRQHandler
                0x08000298                POSIF1_0_IRQHandler
                0x08000298                HardFault_Handler
                0x08000298                VADC0_G1_1_IRQHandler
                0x08000298                NMI_Handler
                0x08000298                USIC1_3_IRQHandler
                0x08000298                CCU40_2_IRQHandler
                0x08000298                SCU_0_IRQHandler
                0x08000298                ERU0_0_IRQHandler
                0x08000298                CCU41_0_IRQHandler
                0x08000298                USIC1_5_IRQHandler
                0x08000298                DSD0_4_IRQHandler
                0x08000298                CCU80_1_IRQHandler
                0x08000298                CCU81_0_IRQHandler
                0x08000298                UsageFault_Handler
                0x08000298                USIC0_0_IRQHandler
                0x08000298                POSIF1_1_IRQHandler
                0x08000298                ERU0_2_IRQHandler
                0x08000298                CCU81_1_IRQHandler
                0x08000298                ERU1_1_IRQHandler
                0x08000298                VADC0_G2_3_IRQHandler
                0x08000298                VADC0_G2_2_IRQHandler
                0x08000298                CCU42_3_IRQHandler
                0x08000298                ERU0_3_IRQHandler
                0x08000298                DSD0_5_IRQHandler
                0x08000298                VADC0_C0_3_IRQHandler
                0x08000298                CAN0_6_IRQHandler
                0x08000298                CCU43_0_IRQHandler
                0x08000298                VADC0_G0_1_IRQHandler
                0x08000298                CCU81_2_IRQHandler
                0x08000298                USIC2_4_IRQHandler
                0x08000298                CCU81_3_IRQHandler
                0x08000298                CCU42_1_IRQHandler
                0x08000298                USIC1_1_IRQHandler
                0x08000298                USIC2_5_IRQHandler
                0x08000298                CCU40_0_IRQHandler
                0x08000298                CAN0_0_IRQHandler
                0x08000298                ERU1_0_IRQHandler
                0x08000298                CCU42_2_IRQHandler
                0x08000298                Default_Handler
                0x08000298                USIC1_4_IRQHandler
                0x08000298                ERU1_3_IRQHandler
                0x08000298                USIC1_0_IRQHandler
                0x08000298                POSIF0_1_IRQHandler
                0x08000298                VADC0_G0_0_IRQHandler
                0x08000298                DSD0_2_IRQHandler
                0x08000298                CCU80_3_IRQHandler
                0x08000298                CCU41_3_IRQHandler
                0x08000298                CCU80_2_IRQHandler
                0x08000298                VADC0_G1_3_IRQHandler
                0x08000298                VADC0_G0_3_IRQHandler
                0x08000298                GPDMA0_0_IRQHandler
                0x08000298                PMU0_0_IRQHandler
                0x08000298                CAN0_7_IRQHandler
                0x08000298                DSD0_1_IRQHandler
                0x08000298                CCU41_2_IRQHandler
                0x08000298                VADC0_C0_1_IRQHandler
                0x08000298                CCU43_2_IRQHandler
                0x08000298                USIC2_2_IRQHandler
                0x08000298                MemManage_Handler
                0x08000298                VADC0_G3_1_IRQHandler
                0x08000298                DAC0_0_IRQHandler
                0x08000298                VADC0_G3_3_IRQHandler
                0x08000298                ERU1_2_IRQHandler
                0x08000298                CCU41_1_IRQHandler
                0x08000298                DSD0_6_IRQHandler
                0x08000298                VADC0_G1_2_IRQHandler
                0x08000298                USIC2_3_IRQHandler
                0x08000298                CAN0_2_IRQHandler
                0x08000298                USIC2_0_IRQHandler
                0x08000298                VADC0_G0_2_IRQHandler
                0x08000298                VADC0_G2_1_IRQHandler
                0x08000298                CAN0_3_IRQHandler
                0x08000298                ETH0_0_IRQHandler
                0x08000298                DSD0_0_IRQHandler
                0x08000298                VADC0_C0_2_IRQHandler
                0x08000298                CCU42_0_IRQHandler
                0x08000298                FCE0_0_IRQHandler
                0x08000298                VADC0_G1_0_IRQHandler
                0x08000298                USB0_0_IRQHandler
                0x08000298                CAN0_5_IRQHandler
                0x08000298                CCU80_0_IRQHandler
                0x08000298                CCU40_1_IRQHandler
                0x08000298                USIC2_1_IRQHandler
                0x08000298                USIC0_1_IRQHandler
                0x08000298                VADC0_G3_2_IRQHandler
                0x08000298                CCU40_3_IRQHandler
                0x08000298                BusFault_Handler
                0x08000298                LEDTS0_0_IRQHandler
                0x08000298                USIC0_4_IRQHandler
                0x08000298                CCU43_3_IRQHandler
                0x08000298                ERU0_1_IRQHandler
                0x08000298                VADC0_G3_0_IRQHandler
                0x08000298                USIC1_2_IRQHandler
                0x08000298                DSD0_3_IRQHandler
                0x08000298                SDMMC0_0_IRQHandler
                0x08000298                CAN0_1_IRQHandler
                0x08000298                USIC0_2_IRQHandler
                0x08000298                DAC0_1_IRQHandler
                0x08000298                GPDMA1_0_IRQHandler
 *(.text .text.* .gnu.linkonce.t.*)
 .text.SystemCoreClockUpdate
                0x0800029c       0x84 ./Startup/system_XMC4700.o
                0x0800029c                SystemCoreClockUpdate
 .text.SystemInit
                0x08000320       0x1c ./Startup/system_XMC4700.o
                0x08000320                SystemInit
 .text.XMC_GPIO_Init
                0x0800033c       0x88 ./Libraries/XMCLib/src/xmc4_gpio.o
                0x0800033c                XMC_GPIO_Init
 .text.XMC_SCU_RESET_DeassertPeripheralReset
                0x080003c4       0x18 ./Libraries/XMCLib/src/xmc4_scu.o
                0x080003c4                XMC_SCU_RESET_DeassertPeripheralReset
 .text.XMC_SCU_CLOCK_GetPeripheralClockFrequency
                0x080003dc       0x18 ./Libraries/XMCLib/src/xmc4_scu.o
                0x080003dc                XMC_SCU_CLOCK_GetPeripheralClockFrequency
 .text.XMC_SCU_CLOCK_SetUsbClockSource
                0x080003f4       0x14 ./Libraries/XMCLib/src/xmc4_scu.o
                0x080003f4                XMC_SCU_CLOCK_SetUsbClockSource
 .text.XMC_SCU_CLOCK_SetWdtClockSource
                0x08000408       0x14 ./Libraries/XMCLib/src/xmc4_scu.o
                0x08000408                XMC_SCU_CLOCK_SetWdtClockSource
 .text.XMC_SCU_HIB_SetRtcClockSource
                0x0800041c       0x20 ./Libraries/XMCLib/src/xmc4_scu.o
                0x0800041c                XMC_SCU_HIB_SetRtcClockSource
 .text.XMC_SCU_CLOCK_SetUsbClockDivider
                0x0800043c       0x14 ./Libraries/XMCLib/src/xmc4_scu.o
                0x0800043c                XMC_SCU_CLOCK_SetUsbClockDivider
 .text.XMC_SCU_CLOCK_SetEbuClockDivider
                0x08000450       0x14 ./Libraries/XMCLib/src/xmc4_scu.o
                0x08000450                XMC_SCU_CLOCK_SetEbuClockDivider
 .text.XMC_SCU_CLOCK_SetWdtClockDivider
                0x08000464       0x14 ./Libraries/XMCLib/src/xmc4_scu.o
                0x08000464                XMC_SCU_CLOCK_SetWdtClockDivider
 .text.XMC_SCU_CLOCK_EnableClock
                0x08000478        0xc ./Libraries/XMCLib/src/xmc4_scu.o
                0x08000478                XMC_SCU_CLOCK_EnableClock
 .text.XMC_SCU_CLOCK_UngatePeripheralClock
                0x08000484       0x18 ./Libraries/XMCLib/src/xmc4_scu.o
                0x08000484                XMC_SCU_CLOCK_UngatePeripheralClock
 .text.XMC_SCU_CLOCK_StartUsbPll
                0x0800049c       0x44 ./Libraries/XMCLib/src/xmc4_scu.o
                0x0800049c                XMC_SCU_CLOCK_StartUsbPll
 .text.XMC_SCU_CLOCK_StartSystemPll
                0x080004e0      0x1b4 ./Libraries/XMCLib/src/xmc4_scu.o
                0x080004e0                XMC_SCU_CLOCK_StartSystemPll
 .text.XMC_SCU_CLOCK_Init
                0x08000694      0x208 ./Libraries/XMCLib/src/xmc4_scu.o
                0x08000694                XMC_SCU_CLOCK_Init
 .text.XMC_CCU4_Init
                0x0800089c       0x88 ./Libraries/XMCLib/src/xmc_ccu4.o
                0x0800089c                XMC_CCU4_Init
 .text.XMC_CCU4_SLICE_CompareInit
                0x08000924       0x34 ./Libraries/XMCLib/src/xmc_ccu4.o
                0x08000924                XMC_CCU4_SLICE_CompareInit
 .text.XMC_CCU4_SLICE_SetInterruptNode
                0x08000958       0x38 ./Libraries/XMCLib/src/xmc_ccu4.o
                0x08000958                XMC_CCU4_SLICE_SetInterruptNode
 .text.XMC_CCU8_Init
                0x08000990       0x58 ./Libraries/XMCLib/src/xmc_ccu8.o
                0x08000990                XMC_CCU8_Init
 .text.XMC_CCU8_SLICE_CompareInit
                0x080009e8       0x3c ./Libraries/XMCLib/src/xmc_ccu8.o
                0x080009e8                XMC_CCU8_SLICE_CompareInit
 .text.XMC_CCU8_SetMultiChannelShadowTransferMode
                0x08000a24       0x10 ./Libraries/XMCLib/src/xmc_ccu8.o
                0x08000a24                XMC_CCU8_SetMultiChannelShadowTransferMode
 .text.XMC_CCU8_SLICE_StartConfig
                0x08000a34       0x1c ./Libraries/XMCLib/src/xmc_ccu8.o
                0x08000a34                XMC_CCU8_SLICE_StartConfig
 .text.XMC_CCU8_SLICE_StopConfig
                0x08000a50       0x1c ./Libraries/XMCLib/src/xmc_ccu8.o
                0x08000a50                XMC_CCU8_SLICE_StopConfig
 .text.XMC_CCU8_SLICE_LoadConfig
                0x08000a6c       0x10 ./Libraries/XMCLib/src/xmc_ccu8.o
                0x08000a6c                XMC_CCU8_SLICE_LoadConfig
 .text.XMC_CCU8_SLICE_LoadSelector
                0x08000a7c       0x10 ./Libraries/XMCLib/src/xmc_ccu8.o
                0x08000a7c                XMC_CCU8_SLICE_LoadSelector
 .text.XMC_CCU8_SLICE_ModulationConfig
                0x08000a8c       0x3c ./Libraries/XMCLib/src/xmc_ccu8.o
                0x08000a8c                XMC_CCU8_SLICE_ModulationConfig
 .text.XMC_CCU8_SLICE_CountConfig
                0x08000ac8       0x10 ./Libraries/XMCLib/src/xmc_ccu8.o
                0x08000ac8                XMC_CCU8_SLICE_CountConfig
 .text.XMC_CCU8_SLICE_GateConfig
                0x08000ad8       0x10 ./Libraries/XMCLib/src/xmc_ccu8.o
                0x08000ad8                XMC_CCU8_SLICE_GateConfig
 .text.XMC_CCU8_SLICE_DirectionConfig
                0x08000ae8       0x10 ./Libraries/XMCLib/src/xmc_ccu8.o
                0x08000ae8                XMC_CCU8_SLICE_DirectionConfig
 .text.XMC_CCU8_SLICE_StatusBitOverrideConfig
                0x08000af8        0xc ./Libraries/XMCLib/src/xmc_ccu8.o
                0x08000af8                XMC_CCU8_SLICE_StatusBitOverrideConfig
 .text.XMC_CCU8_SLICE_TrapConfig
                0x08000b04       0x28 ./Libraries/XMCLib/src/xmc_ccu8.o
                0x08000b04                XMC_CCU8_SLICE_TrapConfig
 .text.XMC_CCU8_SLICE_ConfigureStatusBitOverrideEvent
                0x08000b2c       0x5c ./Libraries/XMCLib/src/xmc_ccu8.o
                0x08000b2c                XMC_CCU8_SLICE_ConfigureStatusBitOverrideEvent
 .text.XMC_CCU8_SLICE_ConfigureEvent
                0x08000b88       0x78 ./Libraries/XMCLib/src/xmc_ccu8.o
                0x08000b88                XMC_CCU8_SLICE_ConfigureEvent
 .text.XMC_CCU8_SLICE_SetTimerPeriodMatch
                0x08000c00        0x4 ./Libraries/XMCLib/src/xmc_ccu8.o
                0x08000c00                XMC_CCU8_SLICE_SetTimerPeriodMatch
 .text.XMC_CCU8_SLICE_SetTimerCompareMatch
                0x08000c04        0xc ./Libraries/XMCLib/src/xmc_ccu8.o
                0x08000c04                XMC_CCU8_SLICE_SetTimerCompareMatch
 .text.XMC_CCU8_SLICE_SetInterruptNode
                0x08000c10       0x38 ./Libraries/XMCLib/src/xmc_ccu8.o
                0x08000c10                XMC_CCU8_SLICE_SetInterruptNode
 .text.XMC_CCU8_SLICE_DeadTimeInit
                0x08000c48       0x10 ./Libraries/XMCLib/src/xmc_ccu8.o
                0x08000c48                XMC_CCU8_SLICE_DeadTimeInit
 .text.XMC_GPIO_SetHardwareControl
                0x08000c58       0x20 ./Libraries/XMCLib/src/xmc_gpio.o
                0x08000c58                XMC_GPIO_SetHardwareControl
 .text.XMC_SPI_CH_Init
                0x08000c78       0x4c ./Libraries/XMCLib/src/xmc_spi.o
                0x08000c78                XMC_SPI_CH_Init
 .text.XMC_SPI_CH_EnableSlaveSelect
                0x08000cc4       0x10 ./Libraries/XMCLib/src/xmc_spi.o
                0x08000cc4                XMC_SPI_CH_EnableSlaveSelect
 .text.XMC_SPI_CH_DisableSlaveSelect
                0x08000cd4       0x14 ./Libraries/XMCLib/src/xmc_spi.o
                0x08000cd4                XMC_SPI_CH_DisableSlaveSelect
 .text.XMC_SPI_CH_Transmit
                0x08000ce8       0x3c ./Libraries/XMCLib/src/xmc_spi.o
                0x08000ce8                XMC_SPI_CH_Transmit
 .text.XMC_SPI_CH_GetReceivedData
                0x08000d24       0x14 ./Libraries/XMCLib/src/xmc_spi.o
                0x08000d24                XMC_SPI_CH_GetReceivedData
 .text.XMC_SPI_CH_DisableEvent
                0x08000d38       0x1c ./Libraries/XMCLib/src/xmc_spi.o
                0x08000d38                XMC_SPI_CH_DisableEvent
 .text.XMC_USIC_CH_Enable
                0x08000d54       0x84 ./Libraries/XMCLib/src/xmc_usic.o
                0x08000d54                XMC_USIC_CH_Enable
 .text.XMC_USIC_CH_SetBaudrate
                0x08000dd8       0x84 ./Libraries/XMCLib/src/xmc_usic.o
                0x08000dd8                XMC_USIC_CH_SetBaudrate
 .text.XMC_USIC_CH_TXFIFO_Configure
                0x08000e5c       0x2c ./Libraries/XMCLib/src/xmc_usic.o
                0x08000e5c                XMC_USIC_CH_TXFIFO_Configure
 .text.XMC_USIC_CH_RXFIFO_Configure
                0x08000e88       0x30 ./Libraries/XMCLib/src/xmc_usic.o
                0x08000e88                XMC_USIC_CH_RXFIFO_Configure
 .text.XMC_USIC_CH_RXFIFO_SetSizeTriggerLimit
                0x08000eb8       0x24 ./Libraries/XMCLib/src/xmc_usic.o
                0x08000eb8                XMC_USIC_CH_RXFIFO_SetSizeTriggerLimit
 .text.XMC_USIC_CH_SetInterruptNodePointer
                0x08000edc       0x18 ./Libraries/XMCLib/src/xmc_usic.o
                0x08000edc                XMC_USIC_CH_SetInterruptNodePointer
 .text.XMC_USIC_CH_TXFIFO_SetInterruptNodePointer
                0x08000ef4       0x1c ./Libraries/XMCLib/src/xmc_usic.o
                0x08000ef4                XMC_USIC_CH_TXFIFO_SetInterruptNodePointer
 .text.XMC_USIC_CH_RXFIFO_SetInterruptNodePointer
                0x08000f10       0x1c ./Libraries/XMCLib/src/xmc_usic.o
                0x08000f10                XMC_USIC_CH_RXFIFO_SetInterruptNodePointer
 .text._sbrk    0x08000f2c       0x40 ./Libraries/Newlib/syscalls.o
                0x08000f2c                _sbrk
 .text._init    0x08000f6c        0x4 ./Libraries/Newlib/syscalls.o
                0x08000f6c                _init
 .text.TIMER_Init
                0x08000f70       0x8c ./Dave/Generated/TIMER/timer.o
                0x08000f70                TIMER_Init
 .text.SPI_MASTER_lReceiveIRQ
                0x08000ffc      0x120 ./Dave/Generated/SPI_MASTER/spi_master.o
 .text.SPI_MASTER_Init
                0x0800111c        0x8 ./Dave/Generated/SPI_MASTER/spi_master.o
                0x0800111c                SPI_MASTER_Init
 .text.SPI_MASTER_Receive
                0x08001124       0x50 ./Dave/Generated/SPI_MASTER/spi_master.o
                0x08001124                SPI_MASTER_Receive
 .text.SPI_MASTER_lTransmitHandler
                0x08001174      0x120 ./Dave/Generated/SPI_MASTER/spi_master.o
                0x08001174                SPI_MASTER_lTransmitHandler
 .text.SPI_MASTER_lReceiveHandler
                0x08001294      0x1b8 ./Dave/Generated/SPI_MASTER/spi_master.o
                0x08001294                SPI_MASTER_lReceiveHandler
 .text.SPI_MASTER_1_lInit
                0x0800144c      0x16c ./Dave/Generated/SPI_MASTER/spi_master_conf.o
 .text.USIC0_3_IRQHandler
                0x080015b8        0xc ./Dave/Generated/SPI_MASTER/spi_master_conf.o
                0x080015b8                USIC0_3_IRQHandler
 .text.USIC0_5_IRQHandler
                0x080015c4        0xc ./Dave/Generated/SPI_MASTER/spi_master_conf.o
                0x080015c4                USIC0_5_IRQHandler
 .text.PWM_CCU8_Init
                0x080015d0      0x35c ./Dave/Generated/PWM_CCU8/pwm_ccu8.o
                0x080015d0                PWM_CCU8_Init
 .text.PWM_CCU8_Start
                0x0800192c       0x34 ./Dave/Generated/PWM_CCU8/pwm_ccu8.o
                0x0800192c                PWM_CCU8_Start
 .text.PWM_CCU8_SetDutyCycleSymmetric
                0x08001960       0x50 ./Dave/Generated/PWM_CCU8/pwm_ccu8.o
                0x08001960                PWM_CCU8_SetDutyCycleSymmetric
 .text.INTERRUPT_Init
                0x080019b0       0x90 ./Dave/Generated/INTERRUPT/interrupt.o
                0x080019b0                INTERRUPT_Init
 .text.GUI_X_Config
                0x08001a40       0x24 ./Dave/Generated/GUI_SEGGERLIBRARY/Config/GUIConf.o
                0x08001a40                GUI_X_Config
 .text.GUI_X_Init
                0x08001a64        0x4 ./Dave/Generated/GUI_SEGGERLIBRARY/Config/GUI_X.o
                0x08001a64                GUI_X_Init
 .text.LCD_X_Config
                0x08001a68       0x94 ./Dave/Generated/GUI_SEGGERLIBRARY/LCDConf.o
                0x08001a68                LCD_X_Config
 .text.LCD_X_DisplayDriver
                0x08001afc      0x1dc ./Dave/Generated/GUI_SEGGERLIBRARY/LCDConf.o
                0x08001afc                LCD_X_DisplayDriver
 .text.GUI_SEGGERLIBRARY_Init
                0x08001cd8       0x2c ./Dave/Generated/GUI_SEGGERLIBRARY/gui_seggerlibrary.o
                0x08001cd8                GUI_SEGGERLIBRARY_Init
 .text.GUI_SEGGERLIBRARY_WriteCmdByte
                0x08001d04       0x4c ./Dave/Generated/GUI_SEGGERLIBRARY/gui_seggerlibrary.o
                0x08001d04                GUI_SEGGERLIBRARY_WriteCmdByte
 .text.GUI_SEGGERLIBRARY_WriteDataByte
                0x08001d50       0x48 ./Dave/Generated/GUI_SEGGERLIBRARY/gui_seggerlibrary.o
                0x08001d50                GUI_SEGGERLIBRARY_WriteDataByte
 .text.GUI_SEGGERLIBRARY_WriteMultipleBytes
                0x08001d98       0x54 ./Dave/Generated/GUI_SEGGERLIBRARY/gui_seggerlibrary.o
                0x08001d98                GUI_SEGGERLIBRARY_WriteMultipleBytes
 .text.GUI_SEGGERLIBRARY_ReadMultipleBytes
                0x08001dec       0x24 ./Dave/Generated/GUI_SEGGERLIBRARY/gui_seggerlibrary.o
                0x08001dec                GUI_SEGGERLIBRARY_ReadMultipleBytes
 .text.GLOBAL_CCU8_Init
                0x08001e10       0x28 ./Dave/Generated/GLOBAL_CCU8/global_ccu8.o
                0x08001e10                GLOBAL_CCU8_Init
 .text.GLOBAL_CCU4_Init
                0x08001e38       0x28 ./Dave/Generated/GLOBAL_CCU4/global_ccu4.o
                0x08001e38                GLOBAL_CCU4_Init
 .text.pvPortMalloc
                0x08001e60       0x18 ./Dave/Generated/FREERTOS/heap.o
                0x08001e60                pvPortMalloc
 .text.vPortFree
                0x08001e78       0x1c ./Dave/Generated/FREERTOS/heap.o
                0x08001e78                vPortFree
 .text.vListInitialise
                0x08001e94       0x18 ./Dave/Generated/FREERTOS/list.o
                0x08001e94                vListInitialise
 .text.vListInitialiseItem
                0x08001eac        0x8 ./Dave/Generated/FREERTOS/list.o
                0x08001eac                vListInitialiseItem
 .text.vListInsertEnd
                0x08001eb4       0x20 ./Dave/Generated/FREERTOS/list.o
                0x08001eb4                vListInsertEnd
 .text.vListInsert
                0x08001ed4       0x34 ./Dave/Generated/FREERTOS/list.o
                0x08001ed4                vListInsert
 .text.uxListRemove
                0x08001f08       0x28 ./Dave/Generated/FREERTOS/list.o
                0x08001f08                uxListRemove
 .text.prvTaskExitError
                0x08001f30       0x30 ./Dave/Generated/FREERTOS/port.o
 .text.prvPortStartFirstTask
                0x08001f60       0x20 ./Dave/Generated/FREERTOS/port.o
 .text.vPortEnableVFP
                0x08001f80       0x14 ./Dave/Generated/FREERTOS/port.o
 .text.pxPortInitialiseStack
                0x08001f94       0x2c ./Dave/Generated/FREERTOS/port.o
                0x08001f94                pxPortInitialiseStack
 .text.SVC_Handler
                0x08001fc0       0x30 ./Dave/Generated/FREERTOS/port.o
                0x08001fc0                SVC_Handler
 .text.vPortEnterCritical
                0x08001ff0       0x44 ./Dave/Generated/FREERTOS/port.o
                0x08001ff0                vPortEnterCritical
 .text.vPortExitCritical
                0x08002034       0x28 ./Dave/Generated/FREERTOS/port.o
                0x08002034                vPortExitCritical
 *fill*         0x0800205c        0x4 
 .text.PendSV_Handler
                0x08002060       0x70 ./Dave/Generated/FREERTOS/port.o
                0x08002060                PendSV_Handler
 .text.SysTick_Handler
                0x080020d0       0x2c ./Dave/Generated/FREERTOS/port.o
                0x080020d0                SysTick_Handler
 .text.vPortSetupTimerInterrupt
                0x080020fc       0x2c ./Dave/Generated/FREERTOS/port.o
                0x080020fc                vPortSetupTimerInterrupt
 .text.xPortStartScheduler
                0x08002128       0xec ./Dave/Generated/FREERTOS/port.o
                0x08002128                xPortStartScheduler
 .text.vPortValidateInterruptPriority
                0x08002214       0x5c ./Dave/Generated/FREERTOS/port.o
                0x08002214                vPortValidateInterruptPriority
 .text.unlikely.prvCopyDataToQueue
                0x08002270       0x74 ./Dave/Generated/FREERTOS/queue.o
 .text.unlikely.prvCopyDataFromQueue
                0x080022e4       0x28 ./Dave/Generated/FREERTOS/queue.o
 .text.unlikely.prvNotifyQueueSetContainer.part.0
                0x0800230c       0x14 ./Dave/Generated/FREERTOS/queue.o
 .text.prvNotifyQueueSetContainer
                0x08002320       0x74 ./Dave/Generated/FREERTOS/queue.o
 .text.prvUnlockQueue
                0x08002394       0xf0 ./Dave/Generated/FREERTOS/queue.o
 .text.xQueueGenericCreate
                0x08002484       0x8c ./Dave/Generated/FREERTOS/queue.o
                0x08002484                xQueueGenericCreate
 .text.xQueueGenericSend
                0x08002510      0x1a0 ./Dave/Generated/FREERTOS/queue.o
                0x08002510                xQueueGenericSend
 .text.xQueueGenericSendFromISR
                0x080026b0       0xd8 ./Dave/Generated/FREERTOS/queue.o
                0x080026b0                xQueueGenericSendFromISR
 .text.xQueueGenericReceive
                0x08002788      0x1ac ./Dave/Generated/FREERTOS/queue.o
                0x08002788                xQueueGenericReceive
 .text.vQueueAddToRegistry
                0x08002934       0x58 ./Dave/Generated/FREERTOS/queue.o
                0x08002934                vQueueAddToRegistry
 .text.vQueueWaitForMessageRestricted
                0x0800298c       0x48 ./Dave/Generated/FREERTOS/queue.o
                0x0800298c                vQueueWaitForMessageRestricted
 .text.unlikely.prvAddCurrentTaskToDelayedList
                0x080029d4       0x94 ./Dave/Generated/FREERTOS/tasks.o
 .text.unlikely.prvResetNextTaskUnblockTime
                0x08002a68       0x28 ./Dave/Generated/FREERTOS/tasks.o
 .text.xTaskCreate
                0x08002a90      0x274 ./Dave/Generated/FREERTOS/tasks.o
                0x08002a90                xTaskCreate
 .text.vTaskStartScheduler
                0x08002d04       0x80 ./Dave/Generated/FREERTOS/tasks.o
                0x08002d04                vTaskStartScheduler
 .text.vTaskSuspendAll
                0x08002d84       0x10 ./Dave/Generated/FREERTOS/tasks.o
                0x08002d84                vTaskSuspendAll
 .text.xTaskGetTickCount
                0x08002d94        0xc ./Dave/Generated/FREERTOS/tasks.o
                0x08002d94                xTaskGetTickCount
 .text.xTaskIncrementTick
                0x08002da0      0x13c ./Dave/Generated/FREERTOS/tasks.o
                0x08002da0                xTaskIncrementTick
 .text.xTaskResumeAll
                0x08002edc       0xf8 ./Dave/Generated/FREERTOS/tasks.o
                0x08002edc                xTaskResumeAll
 .text.vTaskDelayUntil
                0x08002fd4       0x9c ./Dave/Generated/FREERTOS/tasks.o
                0x08002fd4                vTaskDelayUntil
 .text.prvIdleTask
                0x08003070       0x98 ./Dave/Generated/FREERTOS/tasks.o
 .text.vTaskSwitchContext
                0x08003108       0x70 ./Dave/Generated/FREERTOS/tasks.o
                0x08003108                vTaskSwitchContext
 .text.vTaskPlaceOnEventList
                0x08003178       0xb0 ./Dave/Generated/FREERTOS/tasks.o
                0x08003178                vTaskPlaceOnEventList
 .text.vTaskPlaceOnEventListRestricted
                0x08003228       0xc0 ./Dave/Generated/FREERTOS/tasks.o
                0x08003228                vTaskPlaceOnEventListRestricted
 .text.xTaskRemoveFromEventList
                0x080032e8       0x88 ./Dave/Generated/FREERTOS/tasks.o
                0x080032e8                xTaskRemoveFromEventList
 .text.vTaskSetTimeOutState
                0x08003370       0x2c ./Dave/Generated/FREERTOS/tasks.o
                0x08003370                vTaskSetTimeOutState
 .text.xTaskCheckForTimeOut
                0x0800339c       0xa0 ./Dave/Generated/FREERTOS/tasks.o
                0x0800339c                xTaskCheckForTimeOut
 .text.vTaskMissedYield
                0x0800343c        0xc ./Dave/Generated/FREERTOS/tasks.o
                0x0800343c                vTaskMissedYield
 .text.xTaskGetSchedulerState
                0x08003448       0x20 ./Dave/Generated/FREERTOS/tasks.o
                0x08003448                xTaskGetSchedulerState
 .text.vTaskPriorityInherit
                0x08003468       0x9c ./Dave/Generated/FREERTOS/tasks.o
                0x08003468                vTaskPriorityInherit
 .text.xTaskPriorityDisinherit
                0x08003504       0xb4 ./Dave/Generated/FREERTOS/tasks.o
                0x08003504                xTaskPriorityDisinherit
 .text.pvTaskIncrementMutexHeldCount
                0x080035b8       0x18 ./Dave/Generated/FREERTOS/tasks.o
                0x080035b8                pvTaskIncrementMutexHeldCount
 .text.prvSwitchTimerLists
                0x080035d0       0x9c ./Dave/Generated/FREERTOS/timers.o
 .text.xTimerCreateTimerTask
                0x0800366c       0x98 ./Dave/Generated/FREERTOS/timers.o
                0x0800366c                xTimerCreateTimerTask
 .text.xTimerGenericCommand
                0x08003704       0x68 ./Dave/Generated/FREERTOS/timers.o
                0x08003704                xTimerGenericCommand
 .text.prvTimerTask
                0x0800376c      0x248 ./Dave/Generated/FREERTOS/timers.o
 .text.DIGITAL_IO_Init
                0x080039b4       0x1c ./Dave/Generated/DIGITAL_IO/digital_io.o
                0x080039b4                DIGITAL_IO_Init
 .text.SystemCoreSetup
                0x080039d0       0x74 ./Dave/Generated/CPU_CTRL_XMC4/cpu_ctrl_xmc4_conf.o
                0x080039d0                SystemCoreSetup
 .text.CLOCK_XMC4_Init
                0x08003a44        0x8 ./Dave/Generated/CLOCK_XMC4/clock_xmc4.o
                0x08003a44                CLOCK_XMC4_Init
 .text.OSCHP_GetFrequency
                0x08003a4c        0x8 ./Dave/Generated/CLOCK_XMC4/clock_xmc4.o
                0x08003a4c                OSCHP_GetFrequency
 .text.SystemCoreClockSetup
                0x08003a54       0x4c ./Dave/Generated/CLOCK_XMC4/clock_xmc4_conf.o
                0x08003a54                SystemCoreClockSetup
 .text.DAVE_Init
                0x08003aa0       0xac ./Dave/Generated/DAVE.o
                0x08003aa0                DAVE_Init
 .text.CCU43_1_IRQHandler
                0x08003b4c       0x74 ./Encoder.o
                0x08003b4c                CCU43_1_IRQHandler
 .text.getEncoderValue
                0x08003bc0       0x10 ./Encoder.o
                0x08003bc0                getEncoderValue
 .text.setupFuzzyController
                0x08003bd0      0x30c ./FuzzyController.o
                0x08003bd0                setupFuzzyController
 .text.inference
                0x08003edc      0x30c ./FuzzyController.o
                0x08003edc                inference
 .text.defuzzify
                0x080041e8      0x164 ./FuzzyController.o
                0x080041e8                defuzzify
 .text.computeFuzzy
                0x0800434c      0x68c ./FuzzyController.o
                0x0800434c                computeFuzzy
 .text.setMotorData
                0x080049d8       0x28 ./SharedData.o
                0x080049d8                setMotorData
 .text.getMotorData
                0x08004a00       0x20 ./SharedData.o
                0x08004a00                getMotorData
 .text.setControlParams
                0x08004a20       0x28 ./SharedData.o
                0x08004a20                setControlParams
 .text.getControlParams
                0x08004a48       0x20 ./SharedData.o
                0x08004a48                getControlParams
 .text.lcdTask  0x08004a68       0xe0 ./UserTasks.o
 .text.controlTask
                0x08004b48      0x314 ./UserTasks.o
 .text.startTasks
                0x08004e5c       0x50 ./UserTasks.o
                0x08004e5c                startTasks
 .text.startup.main
                0x08004eac       0x14 ./main.o
                0x08004eac                main
 .text._SetPhysRAMAddr
                0x08004ec0       0x88 C:\Dave 4\eclipse\/emWin/Start/GUI\libGUI_basic_xmc4.a(GUIDRV_FlexColor_Func66718.o)
 .text._SetRect
                0x08004f48      0x1a0 C:\Dave 4\eclipse\/emWin/Start/GUI\libGUI_basic_xmc4.a(GUIDRV_FlexColor_Func66718.o)
 .text._SetOrientation
                0x080050e8       0x44 C:\Dave 4\eclipse\/emWin/Start/GUI\libGUI_basic_xmc4.a(GUIDRV_FlexColor_Func66718.o)
 .text._ReadPixel_16bpp_B8
                0x0800512c       0x2c C:\Dave 4\eclipse\/emWin/Start/GUI\libGUI_basic_xmc4.a(GUIDRV_FlexColor_Func66718.o)
 .text._ReadPixel_18bpp_B9
                0x08005158       0x2c C:\Dave 4\eclipse\/emWin/Start/GUI\libGUI_basic_xmc4.a(GUIDRV_FlexColor_Func66718.o)
 .text._ReadPixel_16bpp_B16
                0x08005184       0x24 C:\Dave 4\eclipse\/emWin/Start/GUI\libGUI_basic_xmc4.a(GUIDRV_FlexColor_Func66718.o)
 .text._SetReg_B8
                0x080051a8       0x18 C:\Dave 4\eclipse\/emWin/Start/GUI\libGUI_basic_xmc4.a(GUIDRV_FlexColor_Func66718.o)
 .text._SetReg_B9
                0x080051c0       0x1c C:\Dave 4\eclipse\/emWin/Start/GUI\libGUI_basic_xmc4.a(GUIDRV_FlexColor_Func66718.o)
 .text._SetReg_B16
                0x080051dc        0xc C:\Dave 4\eclipse\/emWin/Start/GUI\libGUI_basic_xmc4.a(GUIDRV_FlexColor_Func66718.o)
 .text._WritePara_B8
                0x080051e8       0x18 C:\Dave 4\eclipse\/emWin/Start/GUI\libGUI_basic_xmc4.a(GUIDRV_FlexColor_Func66718.o)
 .text._WritePara_B9
                0x08005200       0x1c C:\Dave 4\eclipse\/emWin/Start/GUI\libGUI_basic_xmc4.a(GUIDRV_FlexColor_Func66718.o)
 .text._WritePara_B16
                0x0800521c        0xc C:\Dave 4\eclipse\/emWin/Start/GUI\libGUI_basic_xmc4.a(GUIDRV_FlexColor_Func66718.o)
 .text._SetInterface
                0x08005228       0x50 C:\Dave 4\eclipse\/emWin/Start/GUI\libGUI_basic_xmc4.a(GUIDRV_FlexColor_Func66718.o)
 .text.GUIDRV_FlexColor_SetFunc66718
                0x08005278       0x68 C:\Dave 4\eclipse\/emWin/Start/GUI\libGUI_basic_xmc4.a(GUIDRV_FlexColor_Func66718.o)
                0x08005278                GUIDRV_FlexColor_SetFunc66718
 .text._ReadData
                0x080052e0        0xc C:\Dave 4\eclipse\/emWin/Start/GUI\libGUI_basic_xmc4.a(GUIDRV_FlexColor_16bpp_C0B8.o)
 .text._WriteData
                0x080052ec       0x1c C:\Dave 4\eclipse\/emWin/Start/GUI\libGUI_basic_xmc4.a(GUIDRV_FlexColor_16bpp_C0B8.o)
 .text._FillRect
                0x08005308      0x400 C:\Dave 4\eclipse\/emWin/Start/GUI\libGUI_basic_xmc4.a(GUIDRV_FlexColor_16bpp_C0B8.o)
 .text._DrawBitmap
                0x08005708      0xf64 C:\Dave 4\eclipse\/emWin/Start/GUI\libGUI_basic_xmc4.a(GUIDRV_FlexColor_16bpp_C0B8.o)
 .text.GUIDRV_FlexColor_SetMode16bppC0B8
                0x0800666c       0x74 C:\Dave 4\eclipse\/emWin/Start/GUI\libGUI_basic_xmc4.a(GUIDRV_FlexColor_16bpp_C0B8.o)
                0x0800666c                GUIDRV_FlexColor_SetMode16bppC0B8
 .text._Log2PhysX_X0Y0S0
                0x080066e0        0x4 C:\Dave 4\eclipse\/emWin/Start/GUI\libGUI_basic_xmc4.a(GUIDRV_FlexColor.o)
 .text._Log2PhysX_X1Y0S0
                0x080066e4        0x8 C:\Dave 4\eclipse\/emWin/Start/GUI\libGUI_basic_xmc4.a(GUIDRV_FlexColor.o)
 .text._Log2PhysX_X0Y1S0
                0x080066ec        0x4 C:\Dave 4\eclipse\/emWin/Start/GUI\libGUI_basic_xmc4.a(GUIDRV_FlexColor.o)
 .text._Log2PhysX_X1Y1S0
                0x080066f0        0x8 C:\Dave 4\eclipse\/emWin/Start/GUI\libGUI_basic_xmc4.a(GUIDRV_FlexColor.o)
 .text._Log2PhysX_X0Y0S1
                0x080066f8        0x4 C:\Dave 4\eclipse\/emWin/Start/GUI\libGUI_basic_xmc4.a(GUIDRV_FlexColor.o)
 .text._Log2PhysX_X1Y0S1
                0x080066fc        0x8 C:\Dave 4\eclipse\/emWin/Start/GUI\libGUI_basic_xmc4.a(GUIDRV_FlexColor.o)
 .text._Log2PhysX_X0Y1S1
                0x08006704        0x4 C:\Dave 4\eclipse\/emWin/Start/GUI\libGUI_basic_xmc4.a(GUIDRV_FlexColor.o)
 .text._Log2PhysX_X1Y1S1
                0x08006708        0x8 C:\Dave 4\eclipse\/emWin/Start/GUI\libGUI_basic_xmc4.a(GUIDRV_FlexColor.o)
 .text._Log2PhysY_X0Y0S0
                0x08006710        0x4 C:\Dave 4\eclipse\/emWin/Start/GUI\libGUI_basic_xmc4.a(GUIDRV_FlexColor.o)
 .text._Log2PhysY_X1Y0S0
                0x08006714        0x4 C:\Dave 4\eclipse\/emWin/Start/GUI\libGUI_basic_xmc4.a(GUIDRV_FlexColor.o)
 .text._Log2PhysY_X0Y1S0
                0x08006718        0x8 C:\Dave 4\eclipse\/emWin/Start/GUI\libGUI_basic_xmc4.a(GUIDRV_FlexColor.o)
 .text._Log2PhysY_X1Y1S0
                0x08006720        0x8 C:\Dave 4\eclipse\/emWin/Start/GUI\libGUI_basic_xmc4.a(GUIDRV_FlexColor.o)
 .text._Log2PhysY_X0Y0S1
                0x08006728        0x4 C:\Dave 4\eclipse\/emWin/Start/GUI\libGUI_basic_xmc4.a(GUIDRV_FlexColor.o)
 .text._Log2PhysY_X1Y0S1
                0x0800672c        0x4 C:\Dave 4\eclipse\/emWin/Start/GUI\libGUI_basic_xmc4.a(GUIDRV_FlexColor.o)
 .text._Log2PhysY_X0Y1S1
                0x08006730        0x8 C:\Dave 4\eclipse\/emWin/Start/GUI\libGUI_basic_xmc4.a(GUIDRV_FlexColor.o)
 .text._Log2PhysY_X1Y1S1
                0x08006738        0x8 C:\Dave 4\eclipse\/emWin/Start/GUI\libGUI_basic_xmc4.a(GUIDRV_FlexColor.o)
 .text._SetPixelIndex
                0x08006740        0xc C:\Dave 4\eclipse\/emWin/Start/GUI\libGUI_basic_xmc4.a(GUIDRV_FlexColor.o)
 .text._GetPixelIndex
                0x0800674c        0xc C:\Dave 4\eclipse\/emWin/Start/GUI\libGUI_basic_xmc4.a(GUIDRV_FlexColor.o)
 .text._XorPixel
                0x08006758       0x30 C:\Dave 4\eclipse\/emWin/Start/GUI\libGUI_basic_xmc4.a(GUIDRV_FlexColor.o)
 .text._DrawHLine
                0x08006788       0x14 C:\Dave 4\eclipse\/emWin/Start/GUI\libGUI_basic_xmc4.a(GUIDRV_FlexColor.o)
 .text._DrawVLine
                0x0800679c       0x14 C:\Dave 4\eclipse\/emWin/Start/GUI\libGUI_basic_xmc4.a(GUIDRV_FlexColor.o)
 .text._FillRect
                0x080067b0       0x14 C:\Dave 4\eclipse\/emWin/Start/GUI\libGUI_basic_xmc4.a(GUIDRV_FlexColor.o)
 .text._DrawBitmap
                0x080067c4       0x28 C:\Dave 4\eclipse\/emWin/Start/GUI\libGUI_basic_xmc4.a(GUIDRV_FlexColor.o)
 .text._GetDevFunc_SetRect
                0x080067ec        0x4 C:\Dave 4\eclipse\/emWin/Start/GUI\libGUI_basic_xmc4.a(GUIDRV_FlexColor.o)
 .text._GetDevFunc_SetRectOutside
                0x080067f0       0x48 C:\Dave 4\eclipse\/emWin/Start/GUI\libGUI_basic_xmc4.a(GUIDRV_FlexColor.o)
 .text._ReadPixelCust_16bpp
                0x08006838       0x10 C:\Dave 4\eclipse\/emWin/Start/GUI\libGUI_basic_xmc4.a(GUIDRV_FlexColor.o)
 .text._ReadPixelCust_18bpp
                0x08006848       0x10 C:\Dave 4\eclipse\/emWin/Start/GUI\libGUI_basic_xmc4.a(GUIDRV_FlexColor.o)
 .text._ReadRectCust_16bpp
                0x08006858       0x3c C:\Dave 4\eclipse\/emWin/Start/GUI\libGUI_basic_xmc4.a(GUIDRV_FlexColor.o)
 .text._ReadRectCust_18bpp
                0x08006894       0x3c C:\Dave 4\eclipse\/emWin/Start/GUI\libGUI_basic_xmc4.a(GUIDRV_FlexColor.o)
 .text._GetDevFunc
                0x080068d0       0x6c C:\Dave 4\eclipse\/emWin/Start/GUI\libGUI_basic_xmc4.a(GUIDRV_FlexColor.o)
 .text._GetDevProp
                0x0800693c       0x64 C:\Dave 4\eclipse\/emWin/Start/GUI\libGUI_basic_xmc4.a(GUIDRV_FlexColor.o)
 .text._GetDevData
                0x080069a0        0xc C:\Dave 4\eclipse\/emWin/Start/GUI\libGUI_basic_xmc4.a(GUIDRV_FlexColor.o)
 .text._GetRect
                0x080069ac       0x18 C:\Dave 4\eclipse\/emWin/Start/GUI\libGUI_basic_xmc4.a(GUIDRV_FlexColor.o)
 .text.GUIDRV_FlexColor__SetLog2Phys
                0x080069c4       0x50 C:\Dave 4\eclipse\/emWin/Start/GUI\libGUI_basic_xmc4.a(GUIDRV_FlexColor.o)
                0x080069c4                GUIDRV_FlexColor__SetLog2Phys
 .text._SetOrg  0x08006a14       0x18 C:\Dave 4\eclipse\/emWin/Start/GUI\libGUI_basic_xmc4.a(GUIDRV_FlexColor.o)
 .text._GetDevFunc_SetVSize
                0x08006a2c       0x40 C:\Dave 4\eclipse\/emWin/Start/GUI\libGUI_basic_xmc4.a(GUIDRV_FlexColor.o)
 .text._SetDevFunc
                0x08006a6c       0xc8 C:\Dave 4\eclipse\/emWin/Start/GUI\libGUI_basic_xmc4.a(GUIDRV_FlexColor.o)
 .text._GetDevFunc_Init
                0x08006b34       0x78 C:\Dave 4\eclipse\/emWin/Start/GUI\libGUI_basic_xmc4.a(GUIDRV_FlexColor.o)
 .text._GetDevFunc_SetSize
                0x08006bac       0x40 C:\Dave 4\eclipse\/emWin/Start/GUI\libGUI_basic_xmc4.a(GUIDRV_FlexColor.o)
 .text.GUIDRV_FlexColor__SetPixelIndexNoCache
                0x08006bec       0x98 C:\Dave 4\eclipse\/emWin/Start/GUI\libGUI_basic_xmc4.a(GUIDRV_FlexColor.o)
                0x08006bec                GUIDRV_FlexColor__SetPixelIndexNoCache
 .text.GUIDRV_FlexColor__GetPixelIndexNoCache
                0x08006c84       0xc0 C:\Dave 4\eclipse\/emWin/Start/GUI\libGUI_basic_xmc4.a(GUIDRV_FlexColor.o)
                0x08006c84                GUIDRV_FlexColor__GetPixelIndexNoCache
 .text.GUIDRV_FlexColor__InitOnce
                0x08006d44       0x38 C:\Dave 4\eclipse\/emWin/Start/GUI\libGUI_basic_xmc4.a(GUIDRV_FlexColor.o)
                0x08006d44                GUIDRV_FlexColor__InitOnce
 .text.GUIDRV_FlexColor_Config
                0x08006d7c       0x68 C:\Dave 4\eclipse\/emWin/Start/GUI\libGUI_basic_xmc4.a(GUIDRV_FlexColor.o)
                0x08006d7c                GUIDRV_FlexColor_Config
 .text.GUIDRV_FlexColor_SetFunc
                0x08006de4       0x60 C:\Dave 4\eclipse\/emWin/Start/GUI\libGUI_basic_xmc4.a(GUIDRV_FlexColor.o)
                0x08006de4                GUIDRV_FlexColor_SetFunc
 .text.LCD_SetVSizeEx
                0x08006e44       0x30 C:\Dave 4\eclipse\/emWin/Start/GUI\libGUI_basic_xmc4.a(LCD_Set.o)
                0x08006e44                LCD_SetVSizeEx
 .text.LCD_SetSizeEx
                0x08006e74       0x30 C:\Dave 4\eclipse\/emWin/Start/GUI\libGUI_basic_xmc4.a(LCD_Set.o)
                0x08006e74                LCD_SetSizeEx
 .text.LCD_SetLUTEntryEx
                0x08006ea4       0x30 C:\Dave 4\eclipse\/emWin/Start/GUI\libGUI_basic_xmc4.a(LCD_Set.o)
                0x08006ea4                LCD_SetLUTEntryEx
 .text.GUI__memset
                0x08006ed4      0x1d8 C:\Dave 4\eclipse\/emWin/Start/GUI\libGUI_basic_xmc4.a(GUI__memset.o)
                0x08006ed4                GUI__memset
 .text.GUI_SetFont
                0x080070ac       0x14 C:\Dave 4\eclipse\/emWin/Start/GUI\libGUI_basic_xmc4.a(GUI_SetFont.o)
                0x080070ac                GUI_SetFont
 .text.GUI_SetColor
                0x080070c0        0x4 C:\Dave 4\eclipse\/emWin/Start/GUI\libGUI_basic_xmc4.a(GUI_SetColor.o)
                0x080070c0                GUI_SetColor
 .text.GUI_DispStringAt
                0x080070c4       0x14 C:\Dave 4\eclipse\/emWin/Start/GUI\libGUI_basic_xmc4.a(GUI_DispStringAt.o)
                0x080070c4                GUI_DispStringAt
 .text.GUI_DispString
                0x080070d8      0x134 C:\Dave 4\eclipse\/emWin/Start/GUI\libGUI_basic_xmc4.a(GUI_DispString.o)
                0x080070d8                GUI_DispString
 .text.GUI_DEVICE__GetpDriver
                0x0800720c       0x2c C:\Dave 4\eclipse\/emWin/Start/GUI\libGUI_basic_xmc4.a(GUI_Device.o)
                0x0800720c                GUI_DEVICE__GetpDriver
 .text.GUI_DEVICE_Unlink
                0x08007238       0x2c C:\Dave 4\eclipse\/emWin/Start/GUI\libGUI_basic_xmc4.a(GUI_Device.o)
                0x08007238                GUI_DEVICE_Unlink
 .text.GUI_DEVICE_Link
                0x08007264       0x88 C:\Dave 4\eclipse\/emWin/Start/GUI\libGUI_basic_xmc4.a(GUI_Device.o)
                0x08007264                GUI_DEVICE_Link
 .text.GUI_DEVICE_CreateAndLink
                0x080072ec       0x70 C:\Dave 4\eclipse\/emWin/Start/GUI\libGUI_basic_xmc4.a(GUI_Device.o)
                0x080072ec                GUI_DEVICE_CreateAndLink
 .text._OnExit  0x0800735c       0x2c C:\Dave 4\eclipse\/emWin/Start/GUI\libGUI_basic_xmc4.a(GUI_Core.o)
 .text.GUI_SetDefaultFont
                0x08007388        0xc C:\Dave 4\eclipse\/emWin/Start/GUI\libGUI_basic_xmc4.a(GUI_Core.o)
                0x08007388                GUI_SetDefaultFont
 .text.GUI_Clear
                0x08007394       0x30 C:\Dave 4\eclipse\/emWin/Start/GUI\libGUI_basic_xmc4.a(GUI_Core.o)
                0x08007394                GUI_Clear
 .text.GUI_Init
                0x080073c4       0xb8 C:\Dave 4\eclipse\/emWin/Start/GUI\libGUI_basic_xmc4.a(GUI_Core.o)
                0x080073c4                GUI_Init
 .text.GUI__RegisterExit
                0x0800747c       0x10 C:\Dave 4\eclipse\/emWin/Start/GUI\libGUI_basic_xmc4.a(GUI_Core.o)
                0x0800747c                GUI__RegisterExit
 .text.GUIPROP_DispChar
                0x0800748c       0xf4 C:\Dave 4\eclipse\/emWin/Start/GUI\libGUI_basic_xmc4.a(GUI_CharP.o)
                0x0800748c                GUIPROP_DispChar
 .text.GUIPROP_GetCharDistX
                0x08007580       0x48 C:\Dave 4\eclipse\/emWin/Start/GUI\libGUI_basic_xmc4.a(GUI_CharP.o)
                0x08007580                GUIPROP_GetCharDistX
 .text.GUIPROP_GetFontInfo
                0x080075c8        0x8 C:\Dave 4\eclipse\/emWin/Start/GUI\libGUI_basic_xmc4.a(GUI_CharP.o)
                0x080075c8                GUIPROP_GetFontInfo
 .text.GUIPROP_IsInFont
                0x080075d0       0x1c C:\Dave 4\eclipse\/emWin/Start/GUI\libGUI_basic_xmc4.a(GUI_CharP.o)
                0x080075d0                GUIPROP_IsInFont
 .text.GUIMONO_DispChar
                0x080075ec      0x15c C:\Dave 4\eclipse\/emWin/Start/GUI\libGUI_basic_xmc4.a(GUI_CharM.o)
                0x080075ec                GUIMONO_DispChar
 .text.GUIMONO_GetCharDistX
                0x08007748       0x18 C:\Dave 4\eclipse\/emWin/Start/GUI\libGUI_basic_xmc4.a(GUI_CharM.o)
                0x08007748                GUIMONO_GetCharDistX
 .text.GUIMONO_GetFontInfo
                0x08007760        0x8 C:\Dave 4\eclipse\/emWin/Start/GUI\libGUI_basic_xmc4.a(GUI_CharM.o)
                0x08007760                GUIMONO_GetFontInfo
 .text.GUIMONO_IsInFont
                0x08007768       0x34 C:\Dave 4\eclipse\/emWin/Start/GUI\libGUI_basic_xmc4.a(GUI_CharM.o)
                0x08007768                GUIMONO_IsInFont
 .text._Log2VisBuffered
                0x0800779c        0x4 C:\Dave 4\eclipse\/emWin/Start/GUI\libGUI_basic_xmc4.a(GUI_CharLine.o)
 .text._DispLine
                0x080077a0       0x7c C:\Dave 4\eclipse\/emWin/Start/GUI\libGUI_basic_xmc4.a(GUI_CharLine.o)
 .text.GUI__GetLineNumChars
                0x0800781c       0x8c C:\Dave 4\eclipse\/emWin/Start/GUI\libGUI_basic_xmc4.a(GUI_CharLine.o)
                0x0800781c                GUI__GetLineNumChars
 .text.GUI__GetLineDistX
                0x080078a8       0x80 C:\Dave 4\eclipse\/emWin/Start/GUI\libGUI_basic_xmc4.a(GUI_CharLine.o)
                0x080078a8                GUI__GetLineDistX
 .text.GUI__DispLine
                0x08007928       0x40 C:\Dave 4\eclipse\/emWin/Start/GUI\libGUI_basic_xmc4.a(GUI_CharLine.o)
                0x08007928                GUI__DispLine
 .text.GUI_GetYAdjust
                0x08007968       0x30 C:\Dave 4\eclipse\/emWin/Start/GUI\libGUI_basic_xmc4.a(GUI_Char.o)
                0x08007968                GUI_GetYAdjust
 .text.GUI_GetFontDistY
                0x08007998       0x10 C:\Dave 4\eclipse\/emWin/Start/GUI\libGUI_basic_xmc4.a(GUI_Char.o)
                0x08007998                GUI_GetFontDistY
 .text.GUI_GetCharDistX
                0x080079a8       0x18 C:\Dave 4\eclipse\/emWin/Start/GUI\libGUI_basic_xmc4.a(GUI_Char.o)
                0x080079a8                GUI_GetCharDistX
 .text.GUI_GetCharDistXEx
                0x080079c0       0x14 C:\Dave 4\eclipse\/emWin/Start/GUI\libGUI_basic_xmc4.a(GUI_Char.o)
                0x080079c0                GUI_GetCharDistXEx
 .text._OnExit  0x080079d4       0x3c C:\Dave 4\eclipse\/emWin/Start/GUI\libGUI_basic_xmc4.a(GUI_Alloc.o)
 .text._AddFreeMemory
                0x08007a10      0x350 C:\Dave 4\eclipse\/emWin/Start/GUI\libGUI_basic_xmc4.a(GUI_Alloc.o)
 .text._RemoveHoles
                0x08007d60      0x1dc C:\Dave 4\eclipse\/emWin/Start/GUI\libGUI_basic_xmc4.a(GUI_Alloc.o)
 .text._Alloc   0x08007f3c      0x2d4 C:\Dave 4\eclipse\/emWin/Start/GUI\libGUI_basic_xmc4.a(GUI_Alloc.o)
 .text._EnlargeBlocks
                0x08008210      0x124 C:\Dave 4\eclipse\/emWin/Start/GUI\libGUI_basic_xmc4.a(GUI_Alloc.o)
 .text._InitOnce.part.0
                0x08008334      0x550 C:\Dave 4\eclipse\/emWin/Start/GUI\libGUI_basic_xmc4.a(GUI_Alloc.o)
 .text.GUI_ALLOC_FreeFixedBlock
                0x08008884       0x14 C:\Dave 4\eclipse\/emWin/Start/GUI\libGUI_basic_xmc4.a(GUI_Alloc.o)
                0x08008884                GUI_ALLOC_FreeFixedBlock
 .text.GUI_ALLOC_GetFixedBlock
                0x08008898      0x198 C:\Dave 4\eclipse\/emWin/Start/GUI\libGUI_basic_xmc4.a(GUI_Alloc.o)
                0x08008898                GUI_ALLOC_GetFixedBlock
 .text.GUI_ALLOC_AllocNoInit
                0x08008a30        0x8 C:\Dave 4\eclipse\/emWin/Start/GUI\libGUI_basic_xmc4.a(GUI_Alloc.o)
                0x08008a30                GUI_ALLOC_AllocNoInit
 .text.GUI_ALLOC_LockH
                0x08008a38       0x24 C:\Dave 4\eclipse\/emWin/Start/GUI\libGUI_basic_xmc4.a(GUI_Alloc.o)
                0x08008a38                GUI_ALLOC_LockH
 .text.GUI_ALLOC_UnlockH
                0x08008a5c       0x34 C:\Dave 4\eclipse\/emWin/Start/GUI\libGUI_basic_xmc4.a(GUI_Alloc.o)
                0x08008a5c                GUI_ALLOC_UnlockH
 .text.GUI_ALLOC_AssignMemory
                0x08008a90       0x14 C:\Dave 4\eclipse\/emWin/Start/GUI\libGUI_basic_xmc4.a(GUI_Alloc.o)
                0x08008a90                GUI_ALLOC_AssignMemory
 .text.GUI_ALLOC_SetAvBlockSize
                0x08008aa4       0x20 C:\Dave 4\eclipse\/emWin/Start/GUI\libGUI_basic_xmc4.a(GUI_Alloc.o)
                0x08008aa4                GUI_ALLOC_SetAvBlockSize
 .text.GUI_ALLOC_Free
                0x08008ac4       0x40 C:\Dave 4\eclipse\/emWin/Start/GUI\libGUI_basic_xmc4.a(GUI_Alloc.o)
                0x08008ac4                GUI_ALLOC_Free
 .text.LCD_Index2Color_M565
                0x08008b04       0x30 C:\Dave 4\eclipse\/emWin/Start/GUI\libGUI_basic_xmc4.a(GUICC_M565.o)
                0x08008b04                LCD_Index2Color_M565
 .text._Color2Index_M565
                0x08008b34       0x30 C:\Dave 4\eclipse\/emWin/Start/GUI\libGUI_basic_xmc4.a(GUICC_M565.o)
 .text._GetIndexMask_M565
                0x08008b64        0x8 C:\Dave 4\eclipse\/emWin/Start/GUI\libGUI_basic_xmc4.a(GUICC_M565.o)
 .text._Color2IndexBulk
                0x08008b6c       0xe8 C:\Dave 4\eclipse\/emWin/Start/GUI\libGUI_basic_xmc4.a(GUICC_M565.o)
 .text._Index2ColorBulk
                0x08008c54       0xbc C:\Dave 4\eclipse\/emWin/Start/GUI\libGUI_basic_xmc4.a(GUICC_M565.o)
 .text._GetDevData
                0x08008d10       0x10 C:\Dave 4\eclipse\/emWin/Start/GUI\libGUI_basic_xmc4.a(GUIDEV_16.o)
 .text._GetDevFunc
                0x08008d20       0x10 C:\Dave 4\eclipse\/emWin/Start/GUI\libGUI_basic_xmc4.a(GUIDEV_16.o)
 .text._SetOrg  0x08008d30       0x10 C:\Dave 4\eclipse\/emWin/Start/GUI\libGUI_basic_xmc4.a(GUIDEV_16.o)
 .text._GetDevProp
                0x08008d40       0x14 C:\Dave 4\eclipse\/emWin/Start/GUI\libGUI_basic_xmc4.a(GUIDEV_16.o)
 .text._GetRect
                0x08008d54       0x34 C:\Dave 4\eclipse\/emWin/Start/GUI\libGUI_basic_xmc4.a(GUIDEV_16.o)
 .text._DrawBitmap
                0x08008d88     0x1480 C:\Dave 4\eclipse\/emWin/Start/GUI\libGUI_basic_xmc4.a(GUIDEV_16.o)
 .text._XorPixel
                0x0800a208       0x84 C:\Dave 4\eclipse\/emWin/Start/GUI\libGUI_basic_xmc4.a(GUIDEV_16.o)
 .text._GetPixelIndex
                0x0800a28c       0x40 C:\Dave 4\eclipse\/emWin/Start/GUI\libGUI_basic_xmc4.a(GUIDEV_16.o)
 .text._SetPixelIndex
                0x0800a2cc       0x74 C:\Dave 4\eclipse\/emWin/Start/GUI\libGUI_basic_xmc4.a(GUIDEV_16.o)
 .text._DrawVLine
                0x0800a340      0x1b4 C:\Dave 4\eclipse\/emWin/Start/GUI\libGUI_basic_xmc4.a(GUIDEV_16.o)
 .text._FillRect
                0x0800a4f4      0x224 C:\Dave 4\eclipse\/emWin/Start/GUI\libGUI_basic_xmc4.a(GUIDEV_16.o)
 .text._DrawHLine
                0x0800a718       0x10 C:\Dave 4\eclipse\/emWin/Start/GUI\libGUI_basic_xmc4.a(GUIDEV_16.o)
 .text._OnExit  0x0800a728       0x18 C:\Dave 4\eclipse\/emWin/Start/GUI\libGUI_basic_xmc4.a(LCD_Color.o)
 .text.LCD_InitColors
                0x0800a740       0x40 C:\Dave 4\eclipse\/emWin/Start/GUI\libGUI_basic_xmc4.a(LCD_Color.o)
                0x0800a740                LCD_InitColors
 .text.LCD_GetpPalConvTableBM
                0x0800a780       0x90 C:\Dave 4\eclipse\/emWin/Start/GUI\libGUI_basic_xmc4.a(LCD_Color.o)
                0x0800a780                LCD_GetpPalConvTableBM
 .text.LCD_InitLUT
                0x0800a810       0xd8 C:\Dave 4\eclipse\/emWin/Start/GUI\libGUI_basic_xmc4.a(LCD_Color.o)
                0x0800a810                LCD_InitLUT
 .text._SetBkColor
                0x0800a8e8       0x3c C:\Dave 4\eclipse\/emWin/Start/GUI\libGUI_basic_xmc4.a(LCD.o)
 .text._SetColor
                0x0800a924       0x3c C:\Dave 4\eclipse\/emWin/Start/GUI\libGUI_basic_xmc4.a(LCD.o)
 .text._SetDrawMode
                0x0800a960       0x28 C:\Dave 4\eclipse\/emWin/Start/GUI\libGUI_basic_xmc4.a(LCD.o)
 .text.LCD_SetDrawMode
                0x0800a988       0x14 C:\Dave 4\eclipse\/emWin/Start/GUI\libGUI_basic_xmc4.a(LCD.o)
                0x0800a988                LCD_SetDrawMode
 .text.LCD_DrawPixel
                0x0800a99c       0x5c C:\Dave 4\eclipse\/emWin/Start/GUI\libGUI_basic_xmc4.a(LCD.o)
                0x0800a99c                LCD_DrawPixel
 .text.LCD_DrawHLine
                0x0800a9f8       0x4c C:\Dave 4\eclipse\/emWin/Start/GUI\libGUI_basic_xmc4.a(LCD.o)
                0x0800a9f8                LCD_DrawHLine
 .text.LCD_FillRect
                0x0800aa44       0x5c C:\Dave 4\eclipse\/emWin/Start/GUI\libGUI_basic_xmc4.a(LCD.o)
                0x0800aa44                LCD_FillRect
 .text.LCD__DrawBitmap_1bpp
                0x0800aaa0      0x4f4 C:\Dave 4\eclipse\/emWin/Start/GUI\libGUI_basic_xmc4.a(LCD.o)
                0x0800aaa0                LCD__DrawBitmap_1bpp
 .text.LCD_DrawBitmap
                0x0800af94      0x5d4 C:\Dave 4\eclipse\/emWin/Start/GUI\libGUI_basic_xmc4.a(LCD.o)
                0x0800af94                LCD_DrawBitmap
 .text.LCD_SetClipRectMax
                0x0800b568       0x24 C:\Dave 4\eclipse\/emWin/Start/GUI\libGUI_basic_xmc4.a(LCD.o)
                0x0800b568                LCD_SetClipRectMax
 .text.LCD_Init
                0x0800b58c       0xd8 C:\Dave 4\eclipse\/emWin/Start/GUI\libGUI_basic_xmc4.a(LCD.o)
                0x0800b58c                LCD_Init
 .text.LCD_Color2Index
                0x0800b664       0x24 C:\Dave 4\eclipse\/emWin/Start/GUI\libGUI_basic_xmc4.a(LCD.o)
                0x0800b664                LCD_Color2Index
 .text.LCD_Index2Color
                0x0800b688       0x24 C:\Dave 4\eclipse\/emWin/Start/GUI\libGUI_basic_xmc4.a(LCD.o)
                0x0800b688                LCD_Index2Color
 .text.LCD_SetColorIndex
                0x0800b6ac       0x20 C:\Dave 4\eclipse\/emWin/Start/GUI\libGUI_basic_xmc4.a(LCD.o)
                0x0800b6ac                LCD_SetColorIndex
 .text.LCD_SetBkColorIndex
                0x0800b6cc       0x20 C:\Dave 4\eclipse\/emWin/Start/GUI\libGUI_basic_xmc4.a(LCD.o)
                0x0800b6cc                LCD_SetBkColorIndex
 .text.LCD_SetBkColor
                0x0800b6ec       0x14 C:\Dave 4\eclipse\/emWin/Start/GUI\libGUI_basic_xmc4.a(LCD.o)
                0x0800b6ec                LCD_SetBkColor
 .text.LCD_SetColor
                0x0800b700       0x14 C:\Dave 4\eclipse\/emWin/Start/GUI\libGUI_basic_xmc4.a(LCD.o)
                0x0800b700                LCD_SetColor
 .text.GUI__memset16
                0x0800b714       0xa4 C:\Dave 4\eclipse\/emWin/Start/GUI\libGUI_basic_xmc4.a(GUI__memset16.o)
                0x0800b714                GUI__memset16
 .text.GUI__ManageCacheEx
                0x0800b7b8       0xd4 C:\Dave 4\eclipse\/emWin/Start/GUI\libGUI_basic_xmc4.a(GUI__ManageCache.o)
                0x0800b7b8                GUI__ManageCacheEx
 .text.GUI__ManageCache
                0x0800b88c       0x14 C:\Dave 4\eclipse\/emWin/Start/GUI\libGUI_basic_xmc4.a(GUI__ManageCache.o)
                0x0800b88c                GUI__ManageCache
 .text._GetCharCode
                0x0800b8a0        0x4 C:\Dave 4\eclipse\/emWin/Start/GUI\libGUI_basic_xmc4.a(GUI_UC_EncodeNone.o)
 .text._GetCharSize
                0x0800b8a4        0x4 C:\Dave 4\eclipse\/emWin/Start/GUI\libGUI_basic_xmc4.a(GUI_UC_EncodeNone.o)
 .text._CalcSizeOfChar
                0x0800b8a8        0x4 C:\Dave 4\eclipse\/emWin/Start/GUI\libGUI_basic_xmc4.a(GUI_UC_EncodeNone.o)
 .text._Encode  0x0800b8ac        0x8 C:\Dave 4\eclipse\/emWin/Start/GUI\libGUI_basic_xmc4.a(GUI_UC_EncodeNone.o)
 .text.GUI_UC__GetCharCodeInc
                0x0800b8b4       0x28 C:\Dave 4\eclipse\/emWin/Start/GUI\libGUI_basic_xmc4.a(GUI_UC.o)
                0x0800b8b4                GUI_UC__GetCharCodeInc
 .text.GUI_UC__NumChars2NumBytes
                0x0800b8dc       0x64 C:\Dave 4\eclipse\/emWin/Start/GUI\libGUI_basic_xmc4.a(GUI_UC.o)
                0x0800b8dc                GUI_UC__NumChars2NumBytes
 .text.GUI_SetOrg
                0x0800b940       0x40 C:\Dave 4\eclipse\/emWin/Start/GUI\libGUI_basic_xmc4.a(GUI_SetOrg.o)
                0x0800b940                GUI_SetOrg
 .text.GUI_SelectLayer
                0x0800b980       0x18 C:\Dave 4\eclipse\/emWin/Start/GUI\libGUI_basic_xmc4.a(GUI_SelectLayer.o)
                0x0800b980                GUI_SelectLayer
 .text.GUI_RectsIntersect
                0x0800b998       0x3c C:\Dave 4\eclipse\/emWin/Start/GUI\libGUI_basic_xmc4.a(GUI_RectsIntersect.o)
                0x0800b998                GUI_RectsIntersect
 .text.GUI_GotoXY
                0x0800b9d4       0x14 C:\Dave 4\eclipse\/emWin/Start/GUI\libGUI_basic_xmc4.a(GUI_Goto.o)
                0x0800b9d4                GUI_GotoXY
 .text.GUI_GetBkColor
                0x0800b9e8       0x10 C:\Dave 4\eclipse\/emWin/Start/GUI\libGUI_basic_xmc4.a(GUI_GetColor.o)
                0x0800b9e8                GUI_GetBkColor
 .text.GUI_GetColor
                0x0800b9f8       0x10 C:\Dave 4\eclipse\/emWin/Start/GUI\libGUI_basic_xmc4.a(GUI_GetColor.o)
                0x0800b9f8                GUI_GetColor
 .text._GetIndexMask_0
                0x0800ba08       0x4c C:\Dave 4\eclipse\/emWin/Start/GUI\libGUI_basic_xmc4.a(GUICC_0.o)
 .text._Index2Color_0
                0x0800ba54       0x20 C:\Dave 4\eclipse\/emWin/Start/GUI\libGUI_basic_xmc4.a(GUICC_0.o)
 .text._Color2Index_0
                0x0800ba74       0xe4 C:\Dave 4\eclipse\/emWin/Start/GUI\libGUI_basic_xmc4.a(GUICC_0.o)
 .text.GUI_MEMDEV__WriteToActiveOpaque
                0x0800bb58      0xf2c C:\Dave 4\eclipse\/emWin/Start/GUI\libGUI_basic_xmc4.a(GUIDEV_WriteToActiveOpaque.o)
                0x0800bb58                GUI_MEMDEV__WriteToActiveOpaque
 .text.GUI_USAGE_AddRect
                0x0800ca84       0x6c C:\Dave 4\eclipse\/emWin/Start/GUI\libGUI_basic_xmc4.a(GUIDEV_Usage.o)
                0x0800ca84                GUI_USAGE_AddRect
 .text.GUI_MEMDEV_GetDataPtr
                0x0800caf0       0x20 C:\Dave 4\eclipse\/emWin/Start/GUI\libGUI_basic_xmc4.a(GUIDEV_GetDataPtr.o)
                0x0800caf0                GUI_MEMDEV_GetDataPtr
 .text.GUI_MEMDEV_GetBitsPerPixel
                0x0800cb10       0x2c C:\Dave 4\eclipse\/emWin/Start/GUI\libGUI_basic_xmc4.a(GUIDEV.o)
                0x0800cb10                GUI_MEMDEV_GetBitsPerPixel
 .text.LCD_UpdateColorIndices
                0x0800cb3c       0x28 C:\Dave 4\eclipse\/emWin/Start/GUI\libGUI_basic_xmc4.a(LCD_UpdateColorIndices.o)
                0x0800cb3c                LCD_UpdateColorIndices
 .text.LCD_GetNumLayers
                0x0800cb64       0x10 C:\Dave 4\eclipse\/emWin/Start/GUI\libGUI_basic_xmc4.a(LCD_GetNumDisplays.o)
                0x0800cb64                LCD_GetNumLayers
 .text.LCD_GetBitsPerPixelEx
                0x0800cb74       0x1c C:\Dave 4\eclipse\/emWin/Start/GUI\libGUI_basic_xmc4.a(LCD_GetEx.o)
                0x0800cb74                LCD_GetBitsPerPixelEx
 .text.LCD_GetNumColorsEx
                0x0800cb90       0x1c C:\Dave 4\eclipse\/emWin/Start/GUI\libGUI_basic_xmc4.a(LCD_GetEx.o)
                0x0800cb90                LCD_GetNumColorsEx
 .text.LCD_GetNumColors
                0x0800cbac       0x24 C:\Dave 4\eclipse\/emWin/Start/GUI\libGUI_basic_xmc4.a(LCD_GetEx.o)
                0x0800cbac                LCD_GetNumColors
 .text.GUI_GetBitsPerPixelEx
                0x0800cbd0       0x18 C:\Dave 4\eclipse\/emWin/Start/GUI\libGUI_basic_xmc4.a(LCD_GetEx.o)
                0x0800cbd0                GUI_GetBitsPerPixelEx
 .text.LCD_GetPalette
                0x0800cbe8       0x20 C:\Dave 4\eclipse\/emWin/Start/GUI\libGUI_basic_xmc4.a(LCD_GetEx.o)
                0x0800cbe8                LCD_GetPalette
 .text.GUI_GetpfIndex2ColorEx
                0x0800cc08       0x14 C:\Dave 4\eclipse\/emWin/Start/GUI\libGUI_basic_xmc4.a(LCD_GetEx.o)
                0x0800cc08                GUI_GetpfIndex2ColorEx
 .text.GUI_GetpfColor2IndexEx
                0x0800cc1c       0x14 C:\Dave 4\eclipse\/emWin/Start/GUI\libGUI_basic_xmc4.a(LCD_GetEx.o)
                0x0800cc1c                GUI_GetpfColor2IndexEx
 .text.LCD__GetBPPDevice
                0x0800cc30       0x64 C:\Dave 4\eclipse\/emWin/Start/GUI\libGUI_basic_xmc4.a(LCD_GetEx.o)
                0x0800cc30                LCD__GetBPPDevice
 .text.LCD_GetBkColorIndex
                0x0800cc94       0x10 C:\Dave 4\eclipse\/emWin/Start/GUI\libGUI_basic_xmc4.a(LCD_GetColorIndex.o)
                0x0800cc94                LCD_GetBkColorIndex
 .text.LCD_GetColorIndex
                0x0800cca4       0x10 C:\Dave 4\eclipse\/emWin/Start/GUI\libGUI_basic_xmc4.a(LCD_GetColorIndex.o)
                0x0800cca4                LCD_GetColorIndex
 .text.GUI__CompactPixelIndices
                0x0800ccb4      0x250 C:\Dave 4\eclipse\/emWin/Start/GUI\libGUI_basic_xmc4.a(GUI__CompactPixelIndices.o)
                0x0800ccb4                GUI__CompactPixelIndices
 .text.GUI_SelectLCD
                0x0800cf04       0x10 C:\Dave 4\eclipse\/emWin/Start/GUI\libGUI_basic_xmc4.a(GUI_SelectLCD.o)
                0x0800cf04                GUI_SelectLCD
 .text.GUI_CalcColorDist
                0x0800cf14       0x54 C:\Dave 4\eclipse\/emWin/Start/GUI\libGUI_basic_xmc4.a(GUI_CalcColorDist.o)
                0x0800cf14                GUI_CalcColorDist
 .text.LCD_SelectLCD
                0x0800cf68       0x40 C:\Dave 4\eclipse\/emWin/Start/GUI\libGUI_basic_xmc4.a(LCD_SelectLCD.o)
                0x0800cf68                LCD_SelectLCD
 .text          0x0800cfa8      0x370 c:/dave 4/eclipse/arm-gcc-49/bin/../lib/gcc/arm-none-eabi/4.9.3/armv7e-m/softfp\libgcc.a(_arm_addsubdf3.o)
                0x0800cfa8                __aeabi_drsub
                0x0800cfb0                __aeabi_dsub
                0x0800cfb0                __subdf3
                0x0800cfb4                __aeabi_dadd
                0x0800cfb4                __adddf3
                0x0800d22c                __floatunsidf
                0x0800d22c                __aeabi_ui2d
                0x0800d24c                __floatsidf
                0x0800d24c                __aeabi_i2d
                0x0800d270                __aeabi_f2d
                0x0800d270                __extendsfdf2
                0x0800d2ac                __floatundidf
                0x0800d2ac                __aeabi_ul2d
                0x0800d2bc                __floatdidf
                0x0800d2bc                __aeabi_l2d
 .text          0x0800d318      0x424 c:/dave 4/eclipse/arm-gcc-49/bin/../lib/gcc/arm-none-eabi/4.9.3/armv7e-m/softfp\libgcc.a(_arm_muldivdf3.o)
                0x0800d318                __aeabi_dmul
                0x0800d318                __muldf3
                0x0800d56c                __divdf3
                0x0800d56c                __aeabi_ddiv
 .text          0x0800d73c       0xa0 c:/dave 4/eclipse/arm-gcc-49/bin/../lib/gcc/arm-none-eabi/4.9.3/armv7e-m/softfp\libgcc.a(_arm_truncdfsf2.o)
                0x0800d73c                __truncdfsf2
                0x0800d73c                __aeabi_d2f
 .text          0x0800d7dc      0x21c c:/dave 4/eclipse/arm-gcc-49/bin/../lib/gcc/arm-none-eabi/4.9.3/armv7e-m/softfp\libgcc.a(_arm_addsubsf3.o)
                0x0800d7dc                __aeabi_frsub
                0x0800d7e4                __subsf3
                0x0800d7e4                __aeabi_fsub
                0x0800d7e8                __aeabi_fadd
                0x0800d7e8                __addsf3
                0x0800d948                __aeabi_ui2f
                0x0800d948                __floatunsisf
                0x0800d950                __aeabi_i2f
                0x0800d950                __floatsisf
                0x0800d96c                __aeabi_ul2f
                0x0800d96c                __floatundisf
                0x0800d97c                __aeabi_l2f
                0x0800d97c                __floatdisf
 .text.__errno  0x0800d9f8        0xc c:/dave 4/eclipse/arm-gcc-49/bin/../lib/gcc/arm-none-eabi/4.9.3/../../../../arm-none-eabi/lib/armv7e-m/softfp\libc_nano.a(lib_a-errno.o)
                0x0800d9f8                __errno
 .text.__libc_init_array
                0x0800da04       0x4c c:/dave 4/eclipse/arm-gcc-49/bin/../lib/gcc/arm-none-eabi/4.9.3/../../../../arm-none-eabi/lib/armv7e-m/softfp\libc_nano.a(lib_a-init.o)
                0x0800da04                __libc_init_array
 .text.malloc   0x0800da50       0x10 c:/dave 4/eclipse/arm-gcc-49/bin/../lib/gcc/arm-none-eabi/4.9.3/../../../../arm-none-eabi/lib/armv7e-m/softfp\libc_nano.a(lib_a-malloc.o)
                0x0800da50                malloc
 .text.free     0x0800da60       0x10 c:/dave 4/eclipse/arm-gcc-49/bin/../lib/gcc/arm-none-eabi/4.9.3/../../../../arm-none-eabi/lib/armv7e-m/softfp\libc_nano.a(lib_a-malloc.o)
                0x0800da60                free
 .text.memcpy   0x0800da70       0x16 c:/dave 4/eclipse/arm-gcc-49/bin/../lib/gcc/arm-none-eabi/4.9.3/../../../../arm-none-eabi/lib/armv7e-m/softfp\libc_nano.a(lib_a-memcpy.o)
                0x0800da70                memcpy
 .text.memmove  0x0800da86       0x36 c:/dave 4/eclipse/arm-gcc-49/bin/../lib/gcc/arm-none-eabi/4.9.3/../../../../arm-none-eabi/lib/armv7e-m/softfp\libc_nano.a(lib_a-memmove.o)
                0x0800da86                memmove
 .text.memset   0x0800dabc       0x10 c:/dave 4/eclipse/arm-gcc-49/bin/../lib/gcc/arm-none-eabi/4.9.3/../../../../arm-none-eabi/lib/armv7e-m/softfp\libc_nano.a(lib_a-memset.o)
                0x0800dabc                memset
 .text._free_r  0x0800dacc       0x88 c:/dave 4/eclipse/arm-gcc-49/bin/../lib/gcc/arm-none-eabi/4.9.3/../../../../arm-none-eabi/lib/armv7e-m/softfp\libc_nano.a(lib_a-nano-freer.o)
                0x0800dacc                _free_r
 .text._malloc_r
                0x0800db54       0xac c:/dave 4/eclipse/arm-gcc-49/bin/../lib/gcc/arm-none-eabi/4.9.3/../../../../arm-none-eabi/lib/armv7e-m/softfp\libc_nano.a(lib_a-nano-mallocr.o)
                0x0800db54                _malloc_r
 .text._sbrk_r  0x0800dc00       0x20 c:/dave 4/eclipse/arm-gcc-49/bin/../lib/gcc/arm-none-eabi/4.9.3/../../../../arm-none-eabi/lib/armv7e-m/softfp\libc_nano.a(lib_a-sbrkr.o)
                0x0800dc00                _sbrk_r
 .text.sprintf  0x0800dc20       0x48 c:/dave 4/eclipse/arm-gcc-49/bin/../lib/gcc/arm-none-eabi/4.9.3/../../../../arm-none-eabi/lib/armv7e-m/softfp\libc_nano.a(lib_a-sprintf.o)
                0x0800dc20                siprintf
                0x0800dc20                sprintf
 .text.__ssputs_r
                0x0800dc68       0xb2 c:/dave 4/eclipse/arm-gcc-49/bin/../lib/gcc/arm-none-eabi/4.9.3/../../../../arm-none-eabi/lib/armv7e-m/softfp\libc_nano.a(lib_a-nano-svfprintf.o)
                0x0800dc68                __ssputs_r
 *fill*         0x0800dd1a        0x2 
 .text._svfprintf_r
                0x0800dd1c      0x1e4 c:/dave 4/eclipse/arm-gcc-49/bin/../lib/gcc/arm-none-eabi/4.9.3/../../../../arm-none-eabi/lib/armv7e-m/softfp\libc_nano.a(lib_a-nano-svfprintf.o)
                0x0800dd1c                _svfiprintf_r
                0x0800dd1c                _svfprintf_r
 .text._printf_common
                0x0800df00       0xea c:/dave 4/eclipse/arm-gcc-49/bin/../lib/gcc/arm-none-eabi/4.9.3/../../../../arm-none-eabi/lib/armv7e-m/softfp\libc_nano.a(lib_a-nano-vfprintf_i.o)
                0x0800df00                _printf_common
 *fill*         0x0800dfea        0x2 
 .text._printf_i
                0x0800dfec      0x234 c:/dave 4/eclipse/arm-gcc-49/bin/../lib/gcc/arm-none-eabi/4.9.3/../../../../arm-none-eabi/lib/armv7e-m/softfp\libc_nano.a(lib_a-nano-vfprintf_i.o)
                0x0800dfec                _printf_i
 .text.memchr   0x0800e220       0x1e c:/dave 4/eclipse/arm-gcc-49/bin/../lib/gcc/arm-none-eabi/4.9.3/../../../../arm-none-eabi/lib/armv7e-m/softfp\libc_nano.a(lib_a-memchr.o)
                0x0800e220                memchr
 .text._realloc_r
                0x0800e23e       0x4c c:/dave 4/eclipse/arm-gcc-49/bin/../lib/gcc/arm-none-eabi/4.9.3/../../../../arm-none-eabi/lib/armv7e-m/softfp\libc_nano.a(lib_a-nano-reallocr.o)
                0x0800e23e                _realloc_r
 .text._malloc_usable_size_r
                0x0800e28a       0x14 c:/dave 4/eclipse/arm-gcc-49/bin/../lib/gcc/arm-none-eabi/4.9.3/../../../../arm-none-eabi/lib/armv7e-m/softfp\libc_nano.a(lib_a-nano-msizer.o)
                0x0800e28a                _malloc_usable_size_r
 *(.init)
 *(.fini)
 *crtbegin.o(.ctors)
 *crtbegin?.o(.ctors)
 *(EXCLUDE_FILE(*crtend.o *crtend?.o) .ctors)
 *(SORT(.ctors.*))
 *(.ctors)
 *crtbegin.o(.dtors)
 *crtbegin?.o(.dtors)
 *(EXCLUDE_FILE(*crtend.o *crtend?.o) .dtors)
 *(SORT(.dtors.*))
 *(.dtors)
 *(.rodata .rodata.*)
 *fill*         0x0800e29e        0x2 
 .rodata.CSWTCH.37
                0x0800e2a0       0x28 ./Libraries/XMCLib/src/xmc_ccu4.o
 .rodata.CSWTCH.38
                0x0800e2c8       0x28 ./Libraries/XMCLib/src/xmc_ccu4.o
 .rodata.CSWTCH.43
                0x0800e2f0       0x28 ./Libraries/XMCLib/src/xmc_ccu8.o
 .rodata.CSWTCH.44
                0x0800e318       0x28 ./Libraries/XMCLib/src/xmc_ccu8.o
 .rodata.SPI_MASTER_1_SS_0
                0x0800e340        0x8 ./Dave/Generated/SPI_MASTER/spi_master_conf.o
                0x0800e340                SPI_MASTER_1_SS_0
 .rodata.SPI_MASTER_1_SS_0_Config
                0x0800e348       0x14 ./Dave/Generated/SPI_MASTER/spi_master_conf.o
                0x0800e348                SPI_MASTER_1_SS_0_Config
 .rodata.SPI_MASTER_1_MOSI
                0x0800e35c        0x8 ./Dave/Generated/SPI_MASTER/spi_master_conf.o
                0x0800e35c                SPI_MASTER_1_MOSI
 .rodata.SPI_MASTER_1_SCLKOUT_Config
                0x0800e364       0x14 ./Dave/Generated/SPI_MASTER/spi_master_conf.o
                0x0800e364                SPI_MASTER_1_SCLKOUT_Config
 .rodata.SPI_MASTER_1_SCLKOUT
                0x0800e378        0x8 ./Dave/Generated/SPI_MASTER/spi_master_conf.o
                0x0800e378                SPI_MASTER_1_SCLKOUT
 .rodata.SPI_MASTER_1_MISO
                0x0800e380        0x8 ./Dave/Generated/SPI_MASTER/spi_master_conf.o
                0x0800e380                SPI_MASTER_1_MISO
 .rodata.SPI_MASTER_1_Config
                0x0800e388       0x8c ./Dave/Generated/SPI_MASTER/spi_master_conf.o
                0x0800e388                SPI_MASTER_1_Config
 .rodata.PWM_CCU8_0_event1_config
                0x0800e414        0x4 ./Dave/Generated/PWM_CCU8/pwm_ccu8_conf.o
                0x0800e414                PWM_CCU8_0_event1_config
 .rodata.PWM_CCU8_0_timer_handle
                0x0800e418       0x10 ./Dave/Generated/PWM_CCU8/pwm_ccu8_conf.o
                0x0800e418                PWM_CCU8_0_timer_handle
 .rodata.PWM_CCU8_0_event2_config
                0x0800e428        0x4 ./Dave/Generated/PWM_CCU8/pwm_ccu8_conf.o
                0x0800e428                PWM_CCU8_0_event2_config
 .rodata.PWM_CCU8_0_ch1_out0_config
                0x0800e42c        0xc ./Dave/Generated/PWM_CCU8/pwm_ccu8_conf.o
                0x0800e42c                PWM_CCU8_0_ch1_out0_config
 .rodata.PWM_CCU8_0_ch1_out1_config
                0x0800e438        0xc ./Dave/Generated/PWM_CCU8/pwm_ccu8_conf.o
                0x0800e438                PWM_CCU8_0_ch1_out1_config
 .rodata.PWM_CCU8_0_config_handle
                0x0800e444       0x90 ./Dave/Generated/PWM_CCU8/pwm_ccu8_conf.o
                0x0800e444                PWM_CCU8_0_config_handle
 .rodata.PWM_CCU8_0_dt_config
                0x0800e4d4        0xc ./Dave/Generated/PWM_CCU8/pwm_ccu8_conf.o
                0x0800e4d4                PWM_CCU8_0_dt_config
 .rodata.PWM_CCU8_0_event0_config
                0x0800e4e0        0x4 ./Dave/Generated/PWM_CCU8/pwm_ccu8_conf.o
                0x0800e4e0                PWM_CCU8_0_event0_config
 .rodata.ENCODER_INTERRUPT
                0x0800e4e4        0x4 ./Dave/Generated/INTERRUPT/interrupt_conf.o
                0x0800e4e4                ENCODER_INTERRUPT
 .rodata.GUI_SEGGERLIBRARY_0_config
                0x0800e4e8        0xc ./Dave/Generated/GUI_SEGGERLIBRARY/gui_seggerlibrary_conf.o
                0x0800e4e8                GUI_SEGGERLIBRARY_0_config
 .rodata.GUI_SEGGERLIBRARY_0_gpio_pin_config
                0x0800e4f4        0xc ./Dave/Generated/GUI_SEGGERLIBRARY/gui_seggerlibrary_conf.o
                0x0800e4f4                GUI_SEGGERLIBRARY_0_gpio_pin_config
 .rodata.str1.4
                0x0800e500       0x17 ./Dave/Generated/FREERTOS/tasks.o
                                 0x18 (size before relaxing)
 *fill*         0x0800e517        0x1 
 .rodata.str1.4
                0x0800e518       0x10 ./Dave/Generated/FREERTOS/timers.o
 .rodata.TEST_PIN
                0x0800e528       0x14 ./Dave/Generated/DIGITAL_IO/digital_io_conf.o
                0x0800e528                TEST_PIN
 .rodata.LED1   0x0800e53c       0x14 ./Dave/Generated/DIGITAL_IO/digital_io_conf.o
                0x0800e53c                LED1
 .rodata.LED2   0x0800e550       0x14 ./Dave/Generated/DIGITAL_IO/digital_io_conf.o
                0x0800e550                LED2
 .rodata.INH_2  0x0800e564       0x14 ./Dave/Generated/DIGITAL_IO/digital_io_conf.o
                0x0800e564                INH_2
 .rodata.ENC_A  0x0800e578       0x14 ./Dave/Generated/DIGITAL_IO/digital_io_conf.o
                0x0800e578                ENC_A
 .rodata.ENC_B  0x0800e58c       0x14 ./Dave/Generated/DIGITAL_IO/digital_io_conf.o
                0x0800e58c                ENC_B
 .rodata.INH_1  0x0800e5a0       0x14 ./Dave/Generated/DIGITAL_IO/digital_io_conf.o
                0x0800e5a0                INH_1
 .rodata        0x0800e5b4       0x14 ./Dave/Generated/CLOCK_XMC4/clock_xmc4_conf.o
 .rodata.str1.4
                0x0800e5c8       0x40 ./UserTasks.o
                                 0x44 (size before relaxing)
 .rodata        0x0800e608      0x73c C:\Dave 4\eclipse\/emWin/Start/GUI\libGUI_basic_xmc4.a(F6x8.o)
                0x0800e608                GUI_Font6x9
                0x0800e62c                GUI_Font6x8
 .rodata        0x0800ed44      0xae0 C:\Dave 4\eclipse\/emWin/Start/GUI\libGUI_basic_xmc4.a(F16B_1.o)
                0x0800ed44                GUI_Font16B_1
 .rodata        0x0800f824        0x8 C:\Dave 4\eclipse\/emWin/Start/GUI\libGUI_basic_xmc4.a(GUIDRV_FlexColor_Func66718.o)
 .rodata        0x0800f82c       0x74 C:\Dave 4\eclipse\/emWin/Start/GUI\libGUI_basic_xmc4.a(GUIDRV_FlexColor.o)
                0x0800f86c                GUIDRV_FlexColor_API
 .rodata        0x0800f8a0        0x8 C:\Dave 4\eclipse\/emWin/Start/GUI\libGUI_basic_xmc4.a(GUI_Core.o)
 .rodata        0x0800f8a8       0x18 C:\Dave 4\eclipse\/emWin/Start/GUI\libGUI_basic_xmc4.a(GUICC_M565.o)
                0x0800f8a8                LCD_API_ColorConv_M565
 .rodata        0x0800f8c0       0x74 C:\Dave 4\eclipse\/emWin/Start/GUI\libGUI_basic_xmc4.a(GUIDEV_16.o)
                0x0800f8c0                GUI_MEMDEV_DEVICE_16
 .rodata        0x0800f934      0xa88 C:\Dave 4\eclipse\/emWin/Start/GUI\libGUI_basic_xmc4.a(F16B_ASCII.o)
                0x0800f934                GUI_Font16B_ASCII
                0x0800f958                GUI_Font16B_ASCII_Prop1
                0x0800f964                GUI_Font16B_ASCII_CharInfo
 .rodata        0x080103bc      0x100 C:\Dave 4\eclipse\/emWin/Start/GUI\libGUI_basic_xmc4.a(LCD_Mirror.o)
                0x080103bc                LCD_aMirror
 .rodata        0x080104bc        0xc C:\Dave 4\eclipse\/emWin/Start/GUI\libGUI_basic_xmc4.a(LCD.o)
 .rodata        0x080104c8       0x40 C:\Dave 4\eclipse\/emWin/Start/GUI\libGUI_basic_xmc4.a(GUI__DivTbl_63_255.o)
                0x080104c8                GUI__aConvert_63_255
 .rodata        0x08010508       0x20 C:\Dave 4\eclipse\/emWin/Start/GUI\libGUI_basic_xmc4.a(GUI__DivTbl_31_255.o)
                0x08010508                GUI__aConvert_31_255
 .rodata        0x08010528      0x100 C:\Dave 4\eclipse\/emWin/Start/GUI\libGUI_basic_xmc4.a(GUI__DivTbl_255_63.o)
                0x08010528                GUI__aConvert_255_63
 .rodata        0x08010628      0x100 C:\Dave 4\eclipse\/emWin/Start/GUI\libGUI_basic_xmc4.a(GUI__DivTbl_255_31.o)
                0x08010628                GUI__aConvert_255_31
 .rodata        0x08010728       0x10 C:\Dave 4\eclipse\/emWin/Start/GUI\libGUI_basic_xmc4.a(GUI_UC_EncodeNone.o)
                0x08010728                GUI_UC_None
 .rodata        0x08010738       0x18 C:\Dave 4\eclipse\/emWin/Start/GUI\libGUI_basic_xmc4.a(GUICC_0.o)
                0x08010738                LCD_API_ColorConv_0
 .rodata.str1.1
                0x08010750        0x2 c:/dave 4/eclipse/arm-gcc-49/bin/../lib/gcc/arm-none-eabi/4.9.3/../../../../arm-none-eabi/lib/armv7e-m/softfp\libc_nano.a(lib_a-impure.o)
 .rodata.str1.1
                0x08010752       0x11 c:/dave 4/eclipse/arm-gcc-49/bin/../lib/gcc/arm-none-eabi/4.9.3/../../../../arm-none-eabi/lib/armv7e-m/softfp\libc_nano.a(lib_a-nano-svfprintf.o)
 .rodata.str1.1
                0x08010763       0x22 c:/dave 4/eclipse/arm-gcc-49/bin/../lib/gcc/arm-none-eabi/4.9.3/../../../../arm-none-eabi/lib/armv7e-m/softfp\libc_nano.a(lib_a-nano-vfprintf_i.o)
 *(.gnu.linkonce.r*)
 *(vtable)
                0x08010788                . = ALIGN (0x4)
 *fill*         0x08010785        0x3 

.glue_7         0x08010788        0x0 load address 0x0c010788
 .glue_7        0x00000000        0x0 linker stubs

.glue_7t        0x08010788        0x0 load address 0x0c010788
 .glue_7t       0x00000000        0x0 linker stubs

.vfp11_veneer   0x08010788        0x0 load address 0x0c010788
 .vfp11_veneer  0x00000000        0x0 linker stubs

.v4_bx          0x08010788        0x0 load address 0x0c010788
 .v4_bx         0x00000000        0x0 linker stubs

.iplt           0x08010788        0x0 load address 0x0c010788
 .iplt          0x00000000        0x0 ./Startup/startup_XMC4700.o

.rel.dyn        0x08010788        0x0 load address 0x0c010788
 .rel.iplt      0x00000000        0x0 ./Startup/startup_XMC4700.o

.eh_frame_hdr
 *(.eh_frame_hdr)

.eh_frame
 *(.eh_frame)

.ARM.extab
 *(.ARM.extab* .gnu.linkonce.armextab.*)
                0x08010788                . = ALIGN (0x4)
                0x08010788                __exidx_start = .

.ARM.exidx
 *(.ARM.exidx* .gnu.linkonce.armexidx.*)
                0x08010788                __exidx_end = .
                0x08010788                . = ALIGN (0x4)

Stack           0x1ffe8000      0x800
                0x1ffe8000                __stack_start = .
                0x1ffe8800                . = (. + stack_size)
 *fill*         0x1ffe8000      0x800 
                0x1ffe8800                __stack_end = .
                0x1ffe8800                __initial_sp = .

.ram_code       0x1ffe8800        0x0 load address 0x0c010788
                0x1ffe8800                . = ALIGN (0x4)
                0x1ffe8800                __ram_code_start = .
 *(.ram_code)
                0x1ffe8800                . = ALIGN (0x4)
                0x1ffe8800                __ram_code_end = .
                0x0c010788                __ram_code_load = LOADADDR (.ram_code)
                0x00000000                __ram_code_size = (__ram_code_end - __ram_code_start)

.data           0x1ffe8800      0x19c load address 0x0c010788
                0x1ffe8800                . = ALIGN (0x4)
                0x1ffe8800                __data_start = .
 *(.data)
 .data          0x1ffe8800        0xc C:\Dave 4\eclipse\/emWin/Start/GUI\libGUI_basic_xmc4.a(GUI_Core.o)
                0x1ffe8800                GUI_pfGetpPalConvTable
                0x1ffe8804                GUI__pFontDefault
                0x1ffe8808                GUI_pContext
 .data          0x1ffe880c        0x4 C:\Dave 4\eclipse\/emWin/Start/GUI\libGUI_basic_xmc4.a(GUI_CharLine.o)
                0x1ffe880c                GUI_CharLine_pfLog2Vis
 .data          0x1ffe8810        0x4 C:\Dave 4\eclipse\/emWin/Start/GUI\libGUI_basic_xmc4.a(LCD_Color.o)
 .data          0x1ffe8814        0x4 C:\Dave 4\eclipse\/emWin/Start/GUI\libGUI_basic_xmc4.a(LCD.o)
                0x1ffe8814                LCD__pSetColorAPI
 *(.data*)
 .data.ENCODER_TIMER
                0x1ffe8818       0x28 ./Dave/Generated/TIMER/timer_conf.o
                0x1ffe8818                ENCODER_TIMER
 .data.dummy_data.8576
                0x1ffe8840        0x4 ./Dave/Generated/SPI_MASTER/spi_master.o
 .data.SPI_MASTER_1
                0x1ffe8844        0xc ./Dave/Generated/SPI_MASTER/spi_master_conf.o
                0x1ffe8844                SPI_MASTER_1
 .data.SPI_MASTER_1_runtime
                0x1ffe8850       0x24 ./Dave/Generated/SPI_MASTER/spi_master_conf.o
                0x1ffe8850                SPI_MASTER_1_runtime
 .data.SPI_MASTER_1_MOSI_Config
                0x1ffe8874       0x14 ./Dave/Generated/SPI_MASTER/spi_master_conf.o
                0x1ffe8874                SPI_MASTER_1_MOSI_Config
 .data.SPI_MASTER_1_Channel_Config
                0x1ffe8888        0x8 ./Dave/Generated/SPI_MASTER/spi_master_conf.o
                0x1ffe8888                SPI_MASTER_1_Channel_Config
 .data.PWM_CCU8_0
                0x1ffe8890       0x34 ./Dave/Generated/PWM_CCU8/pwm_ccu8_conf.o
                0x1ffe8890                PWM_CCU8_0
 .data.GUI_SEGGERLIBRARY_0
                0x1ffe88c4        0xc ./Dave/Generated/GUI_SEGGERLIBRARY/gui_seggerlibrary_conf.o
                0x1ffe88c4                GUI_SEGGERLIBRARY_0
 .data.GLOBAL_CCU8_0
                0x1ffe88d0       0x10 ./Dave/Generated/GLOBAL_CCU8/global_ccu8_conf.o
                0x1ffe88d0                GLOBAL_CCU8_0
 .data.GLOBAL_CCU4_0
                0x1ffe88e0       0x10 ./Dave/Generated/GLOBAL_CCU4/global_ccu4_conf.o
                0x1ffe88e0                GLOBAL_CCU4_0
 .data.uxCriticalNesting
                0x1ffe88f0        0x4 ./Dave/Generated/FREERTOS/port.o
 .data.counter_lut
                0x1ffe88f4       0x20 ./Encoder.o
                0x1ffe88f4                counter_lut
 .data.shared_control_params
                0x1ffe8914        0xc ./SharedData.o
                0x1ffe8914                shared_control_params
 .data.shared_motor_data
                0x1ffe8920        0xc ./SharedData.o
                0x1ffe8920                shared_motor_data
 .data.task_priorities
                0x1ffe892c        0x8 ./UserTasks.o
                0x1ffe892c                task_priorities
 .data.task_stacks
                0x1ffe8934        0x4 ./UserTasks.o
                0x1ffe8934                task_stacks
 .data.impure_data
                0x1ffe8938       0x60 c:/dave 4/eclipse/arm-gcc-49/bin/../lib/gcc/arm-none-eabi/4.9.3/../../../../arm-none-eabi/lib/armv7e-m/softfp\libc_nano.a(lib_a-impure.o)
 .data._impure_ptr
                0x1ffe8998        0x4 c:/dave 4/eclipse/arm-gcc-49/bin/../lib/gcc/arm-none-eabi/4.9.3/../../../../arm-none-eabi/lib/armv7e-m/softfp\libc_nano.a(lib_a-impure.o)
                0x1ffe8998                _impure_ptr
 *(*.data)
 *(.gnu.linkonce.d*)
                0x1ffe899c                . = ALIGN (0x4)
                0x1ffe899c                PROVIDE (__preinit_array_start, .)
 *(.preinit_array)
                0x1ffe899c                PROVIDE (__preinit_array_end, .)
                0x1ffe899c                . = ALIGN (0x4)
                0x1ffe899c                PROVIDE (__init_array_start, .)
 *(SORT(.init_array.*))
 *(.init_array)
                0x1ffe899c                PROVIDE (__init_array_end, .)
                0x1ffe899c                . = ALIGN (0x4)
                0x1ffe899c                PROVIDE (__fini_array_start, .)
 *(SORT(.fini_array.*))
 *(.fini_array)
                0x1ffe899c                PROVIDE (__fini_array_end, .)
                0x1ffe899c                . = ALIGN (0x4)
                0x1ffe899c                __data_end = .
                0x0c010788                __data_load = LOADADDR (.data)
                0x0000019c                __data_size = (__data_end - __data_start)
                0x00010924                __text_size = (((__exidx_end - sText) + __data_size) + __ram_code_size)
                0x08010924                eText = (sText + __text_size)

.igot.plt       0x1ffe899c        0x0 load address 0x0c010924
 .igot.plt      0x00000000        0x0 ./Startup/startup_XMC4700.o

.bss            0x1ffe89a0     0x143c load address 0x0c010924
                0x1ffe89a0                . = ALIGN (0x4)
                0x1ffe89a0                __bss_start = .
 *(.bss)
 .bss           0x1ffe89a0       0x1c C:\Dave 4\eclipse\/emWin/Start/GUI\libGUI_basic_xmc4.a(GUIDRV_FlexColor.o)
 .bss           0x1ffe89bc       0x68 C:\Dave 4\eclipse\/emWin/Start/GUI\libGUI_basic_xmc4.a(GUI_Core.o)
 .bss           0x1ffe8a24       0x14 C:\Dave 4\eclipse\/emWin/Start/GUI\libGUI_basic_xmc4.a(GUI_Alloc.o)
 .bss           0x1ffe8a38        0x8 C:\Dave 4\eclipse\/emWin/Start/GUI\libGUI_basic_xmc4.a(GUICC_M565.o)
 .bss           0x1ffe8a40        0x8 C:\Dave 4\eclipse\/emWin/Start/GUI\libGUI_basic_xmc4.a(LCD_Color.o)
 .bss           0x1ffe8a48       0x10 C:\Dave 4\eclipse\/emWin/Start/GUI\libGUI_basic_xmc4.a(GUI__ManageCache.o)
 *(.bss*)
 .bss.heap_ptr.4331
                0x1ffe8a58        0x4 ./Libraries/Newlib/syscalls.o
 .bss.ENCODER_TIMER_config
                0x1ffe8a5c        0x8 ./Dave/Generated/TIMER/timer_conf.o
                0x1ffe8a5c                ENCODER_TIMER_config
 .bss.SPI_MASTER_1_MISO_Config
                0x1ffe8a64       0x14 ./Dave/Generated/SPI_MASTER/spi_master_conf.o
                0x1ffe8a64                SPI_MASTER_1_MISO_Config
 .bss.aMemory.7568
                0x1ffe8a78     0x1000 ./Dave/Generated/GUI_SEGGERLIBRARY/Config/GUIConf.o
 .bss.ucMaxSysCallPriority
                0x1ffe9a78        0x1 ./Dave/Generated/FREERTOS/port.o
 *fill*         0x1ffe9a79        0x3 
 .bss.ulMaxPRIGROUPValue
                0x1ffe9a7c        0x4 ./Dave/Generated/FREERTOS/port.o
 .bss.xNumOfOverflows
                0x1ffe9a80        0x4 ./Dave/Generated/FREERTOS/tasks.o
 .bss.pxDelayedTaskList
                0x1ffe9a84        0x4 ./Dave/Generated/FREERTOS/tasks.o
 .bss.xSchedulerRunning
                0x1ffe9a88        0x4 ./Dave/Generated/FREERTOS/tasks.o
 .bss.uxSchedulerSuspended
                0x1ffe9a8c        0x4 ./Dave/Generated/FREERTOS/tasks.o
 .bss.xDelayedTaskList1
                0x1ffe9a90       0x14 ./Dave/Generated/FREERTOS/tasks.o
 .bss.uxPendedTicks
                0x1ffe9aa4        0x4 ./Dave/Generated/FREERTOS/tasks.o
 .bss.pxReadyTasksLists
                0x1ffe9aa8       0x64 ./Dave/Generated/FREERTOS/tasks.o
 .bss.xTasksWaitingTermination
                0x1ffe9b0c       0x14 ./Dave/Generated/FREERTOS/tasks.o
 .bss.uxDeletedTasksWaitingCleanUp
                0x1ffe9b20        0x4 ./Dave/Generated/FREERTOS/tasks.o
 .bss.pxCurrentTCB
                0x1ffe9b24        0x4 ./Dave/Generated/FREERTOS/tasks.o
                0x1ffe9b24                pxCurrentTCB
 .bss.xNextTaskUnblockTime
                0x1ffe9b28        0x4 ./Dave/Generated/FREERTOS/tasks.o
 .bss.xIdleTaskHandle
                0x1ffe9b2c        0x4 ./Dave/Generated/FREERTOS/tasks.o
 .bss.xTickCount
                0x1ffe9b30        0x4 ./Dave/Generated/FREERTOS/tasks.o
 .bss.pxOverflowDelayedTaskList
                0x1ffe9b34        0x4 ./Dave/Generated/FREERTOS/tasks.o
 .bss.xPendingReadyList
                0x1ffe9b38       0x14 ./Dave/Generated/FREERTOS/tasks.o
 .bss.uxTaskNumber
                0x1ffe9b4c        0x4 ./Dave/Generated/FREERTOS/tasks.o
 .bss.uxCurrentNumberOfTasks
                0x1ffe9b50        0x4 ./Dave/Generated/FREERTOS/tasks.o
 .bss.xDelayedTaskList2
                0x1ffe9b54       0x14 ./Dave/Generated/FREERTOS/tasks.o
 .bss.xSuspendedTaskList
                0x1ffe9b68       0x14 ./Dave/Generated/FREERTOS/tasks.o